Archive member included to satisfy reference by file (symbol)

/Users/bytedance/Documents/STM32/gcc-arm-none-eabi-5_4-2016q3/bin/../lib/gcc/arm-none-eabi/5.4.1/../../../../arm-none-eabi/lib/armv7-m/libc_nano.a(lib_a-abort.o)
                              /var/folders/dv/rmwv5dbs4b703h_lvs531f700000gp/T//ccQdi4ji.o (abort)
/Users/bytedance/Documents/STM32/gcc-arm-none-eabi-5_4-2016q3/bin/../lib/gcc/arm-none-eabi/5.4.1/../../../../arm-none-eabi/lib/armv7-m/libc_nano.a(lib_a-assert.o)
                              /var/folders/dv/rmwv5dbs4b703h_lvs531f700000gp/T//ccN7ufBj.o (__assert_func)
/Users/bytedance/Documents/STM32/gcc-arm-none-eabi-5_4-2016q3/bin/../lib/gcc/arm-none-eabi/5.4.1/../../../../arm-none-eabi/lib/armv7-m/libc_nano.a(lib_a-atoi.o)
                              /var/folders/dv/rmwv5dbs4b703h_lvs531f700000gp/T//cc7kWri7.o (atoi)
/Users/bytedance/Documents/STM32/gcc-arm-none-eabi-5_4-2016q3/bin/../lib/gcc/arm-none-eabi/5.4.1/../../../../arm-none-eabi/lib/armv7-m/libc_nano.a(lib_a-errno.o)
                              /var/folders/dv/rmwv5dbs4b703h_lvs531f700000gp/T//ccN7ufBj.o (__errno)
/Users/bytedance/Documents/STM32/gcc-arm-none-eabi-5_4-2016q3/bin/../lib/gcc/arm-none-eabi/5.4.1/../../../../arm-none-eabi/lib/armv7-m/libc_nano.a(lib_a-exit.o)
                              /Users/bytedance/Documents/STM32/gcc-arm-none-eabi-5_4-2016q3/bin/../lib/gcc/arm-none-eabi/5.4.1/../../../../arm-none-eabi/lib/armv7-m/crt0.o (exit)
/Users/bytedance/Documents/STM32/gcc-arm-none-eabi-5_4-2016q3/bin/../lib/gcc/arm-none-eabi/5.4.1/../../../../arm-none-eabi/lib/armv7-m/libc_nano.a(lib_a-fclose.o)
                              /var/folders/dv/rmwv5dbs4b703h_lvs531f700000gp/T//ccPnzvbc.o (fclose)
/Users/bytedance/Documents/STM32/gcc-arm-none-eabi-5_4-2016q3/bin/../lib/gcc/arm-none-eabi/5.4.1/../../../../arm-none-eabi/lib/armv7-m/libc_nano.a(lib_a-fflush.o)
                              /Users/bytedance/Documents/STM32/gcc-arm-none-eabi-5_4-2016q3/bin/../lib/gcc/arm-none-eabi/5.4.1/../../../../arm-none-eabi/lib/armv7-m/libc_nano.a(lib_a-fclose.o) (__sflush_r)
/Users/bytedance/Documents/STM32/gcc-arm-none-eabi-5_4-2016q3/bin/../lib/gcc/arm-none-eabi/5.4.1/../../../../arm-none-eabi/lib/armv7-m/libc_nano.a(lib_a-findfp.o)
                              /Users/bytedance/Documents/STM32/gcc-arm-none-eabi-5_4-2016q3/bin/../lib/gcc/arm-none-eabi/5.4.1/../../../../arm-none-eabi/lib/armv7-m/libc_nano.a(lib_a-fclose.o) (__sinit)
/Users/bytedance/Documents/STM32/gcc-arm-none-eabi-5_4-2016q3/bin/../lib/gcc/arm-none-eabi/5.4.1/../../../../arm-none-eabi/lib/armv7-m/libc_nano.a(lib_a-fopen.o)
                              /var/folders/dv/rmwv5dbs4b703h_lvs531f700000gp/T//ccPnzvbc.o (fopen)
/Users/bytedance/Documents/STM32/gcc-arm-none-eabi-5_4-2016q3/bin/../lib/gcc/arm-none-eabi/5.4.1/../../../../arm-none-eabi/lib/armv7-m/libc_nano.a(lib_a-fprintf.o)
                              /Users/bytedance/Documents/STM32/gcc-arm-none-eabi-5_4-2016q3/bin/../lib/gcc/arm-none-eabi/5.4.1/../../../../arm-none-eabi/lib/armv7-m/libc_nano.a(lib_a-assert.o) (fiprintf)
/Users/bytedance/Documents/STM32/gcc-arm-none-eabi-5_4-2016q3/bin/../lib/gcc/arm-none-eabi/5.4.1/../../../../arm-none-eabi/lib/armv7-m/libc_nano.a(lib_a-fputc.o)
                              /var/folders/dv/rmwv5dbs4b703h_lvs531f700000gp/T//ccPnzvbc.o (fputc)
/Users/bytedance/Documents/STM32/gcc-arm-none-eabi-5_4-2016q3/bin/../lib/gcc/arm-none-eabi/5.4.1/../../../../arm-none-eabi/lib/armv7-m/libc_nano.a(lib_a-fputs.o)
                              /var/folders/dv/rmwv5dbs4b703h_lvs531f700000gp/T//ccwJbH5q.o (fputs)
/Users/bytedance/Documents/STM32/gcc-arm-none-eabi-5_4-2016q3/bin/../lib/gcc/arm-none-eabi/5.4.1/../../../../arm-none-eabi/lib/armv7-m/libc_nano.a(lib_a-fread.o)
                              /var/folders/dv/rmwv5dbs4b703h_lvs531f700000gp/T//ccPnzvbc.o (fread)
/Users/bytedance/Documents/STM32/gcc-arm-none-eabi-5_4-2016q3/bin/../lib/gcc/arm-none-eabi/5.4.1/../../../../arm-none-eabi/lib/armv7-m/libc_nano.a(lib_a-fseek.o)
                              /Users/bytedance/Documents/STM32/gcc-arm-none-eabi-5_4-2016q3/bin/../lib/gcc/arm-none-eabi/5.4.1/../../../../arm-none-eabi/lib/armv7-m/libc_nano.a(lib_a-fopen.o) (_fseek_r)
/Users/bytedance/Documents/STM32/gcc-arm-none-eabi-5_4-2016q3/bin/../lib/gcc/arm-none-eabi/5.4.1/../../../../arm-none-eabi/lib/armv7-m/libc_nano.a(lib_a-fseeko.o)
                              /Users/bytedance/Documents/STM32/gcc-arm-none-eabi-5_4-2016q3/bin/../lib/gcc/arm-none-eabi/5.4.1/../../../../arm-none-eabi/lib/armv7-m/libc_nano.a(lib_a-fseek.o) (_fseeko_r)
/Users/bytedance/Documents/STM32/gcc-arm-none-eabi-5_4-2016q3/bin/../lib/gcc/arm-none-eabi/5.4.1/../../../../arm-none-eabi/lib/armv7-m/libc_nano.a(lib_a-ftell.o)
                              /var/folders/dv/rmwv5dbs4b703h_lvs531f700000gp/T//ccPnzvbc.o (ftell)
[...]
Memory Configuration

Name             Origin             Length             Attributes
RAM              0x0000000020000000 0x0000000000010000 xrw
FLASH            0x0000000008000000 0x0000000000080000 xr
*default*        0x0000000000000000 0xffffffffffffffff

Linker script and memory map

LOAD /Users/bytedance/Documents/STM32/gcc-arm-none-eabi-5_4-2016q3/bin/../lib/gcc/arm-none-eabi/5.4.1/armv7-m/crti.o
LOAD /Users/bytedance/Documents/STM32/gcc-arm-none-eabi-5_4-2016q3/bin/../lib/gcc/arm-none-eabi/5.4.1/armv7-m/crtbegin.o
LOAD /Users/bytedance/Documents/STM32/gcc-arm-none-eabi-5_4-2016q3/bin/../lib/gcc/arm-none-eabi/5.4.1/../../../../arm-none-eabi/lib/armv7-m/crt0.o
LOAD build/main.o
LOAD build/key.o
LOAD build/stm32f1xx_it.o
LOAD build/system_stm32f1xx.o
LOAD build/stm32f1xx_hal_msp.o
LOAD build/stm32f1xx_hal_gpio_ex.o
LOAD build/stm32f1xx_hal_tim.o
LOAD build/stm32f1xx_hal_tim_ex.o
LOAD build/stm32f1xx_hal.o
LOAD build/stm32f1xx_hal_rcc.o
LOAD build/stm32f1xx_hal_rcc_ex.o
LOAD build/stm32f1xx_hal_gpio.o
LOAD build/stm32f1xx_hal_dma.o
LOAD build/stm32f1xx_hal_cortex.o
LOAD build/stm32f1xx_hal_pwr.o
LOAD build/stm32f1xx_hal_flash.o
LOAD build/stm32f1xx_hal_flash_ex.o
LOAD build/stm32f1xx_hal_exti.o
LOAD build/startup_stm32f103xe.o
LOAD /var/folders/dv/rmwv5dbs4b703h_lvs531f700000gp/T//ccwhPWyD.o
LOAD /var/folders/dv/rmwv5dbs4b703h_lvs531f700000gp/T//ccu9rwsu.o
LOAD /var/folders/dv/rmwv5dbs4b703h_lvs531f700000gp/T//ccTjFuv7.o
LOAD /var/folders/dv/rmwv5dbs4b703h_lvs531f700000gp/T//ccEnDhFW.o
LOAD /var/folders/dv/rmwv5dbs4b703h_lvs531f700000gp/T//ccofJIqi.o
LOAD /var/folders/dv/rmwv5dbs4b703h_lvs531f700000gp/T//ccN7ufBj.o
LOAD /var/folders/dv/rmwv5dbs4b703h_lvs531f700000gp/T//ccwJbH5q.o
LOAD /var/folders/dv/rmwv5dbs4b703h_lvs531f700000gp/T//ccBZODdB.o
LOAD /var/folders/dv/rmwv5dbs4b703h_lvs531f700000gp/T//ccsXtZgL.o
LOAD /var/folders/dv/rmwv5dbs4b703h_lvs531f700000gp/T//ccFYmrER.o
LOAD /var/folders/dv/rmwv5dbs4b703h_lvs531f700000gp/T//ccwcuDik.o
LOAD /var/folders/dv/rmwv5dbs4b703h_lvs531f700000gp/T//ccIaUrmN.o
LOAD /var/folders/dv/rmwv5dbs4b703h_lvs531f700000gp/T//ccUqjEZ2.o
LOAD /var/folders/dv/rmwv5dbs4b703h_lvs531f700000gp/T//cc7kWri7.o
LOAD /var/folders/dv/rmwv5dbs4b703h_lvs531f700000gp/T//cclleFWj.o
LOAD /var/folders/dv/rmwv5dbs4b703h_lvs531f700000gp/T//cchmn9Hd.o
LOAD /var/folders/dv/rmwv5dbs4b703h_lvs531f700000gp/T//cc3jonLr.o
LOAD /var/folders/dv/rmwv5dbs4b703h_lvs531f700000gp/T//ccUMkPid.o
LOAD /var/folders/dv/rmwv5dbs4b703h_lvs531f700000gp/T//ccg8lnRo.o
LOAD /var/folders/dv/rmwv5dbs4b703h_lvs531f700000gp/T//ccyt7lah.o
LOAD /var/folders/dv/rmwv5dbs4b703h_lvs531f700000gp/T//ccQdi4ji.o
LOAD /var/folders/dv/rmwv5dbs4b703h_lvs531f700000gp/T//ccPnzvbc.o
LOAD /var/folders/dv/rmwv5dbs4b703h_lvs531f700000gp/T//ccDL7A02.o
LOAD /var/folders/dv/rmwv5dbs4b703h_lvs531f700000gp/T//ccoJwPge.o
LOAD /var/folders/dv/rmwv5dbs4b703h_lvs531f700000gp/T//cchqNSJG.o
LOAD /var/folders/dv/rmwv5dbs4b703h_lvs531f700000gp/T//ccglZCj7.o
LOAD /Users/bytedance/Documents/STM32/gcc-arm-none-eabi-5_4-2016q3/bin/../lib/gcc/arm-none-eabi/5.4.1/../../../../arm-none-eabi/lib/armv7-m/libc_nano.a
LOAD /Users/bytedance/Documents/STM32/gcc-arm-none-eabi-5_4-2016q3/bin/../lib/gcc/arm-none-eabi/5.4.1/../../../../arm-none-eabi/lib/armv7-m/libm.a
LOAD /Users/bytedance/Documents/STM32/gcc-arm-none-eabi-5_4-2016q3/bin/../lib/gcc/arm-none-eabi/5.4.1/../../../../arm-none-eabi/lib/armv7-m/libnosys.a
START GROUP
LOAD /Users/bytedance/Documents/STM32/gcc-arm-none-eabi-5_4-2016q3/bin/../lib/gcc/arm-none-eabi/5.4.1/armv7-m/libgcc.a
LOAD /Users/bytedance/Documents/STM32/gcc-arm-none-eabi-5_4-2016q3/bin/../lib/gcc/arm-none-eabi/5.4.1/../../../../arm-none-eabi/lib/armv7-m/libc_nano.a
END GROUP
START GROUP
LOAD /Users/bytedance/Documents/STM32/gcc-arm-none-eabi-5_4-2016q3/bin/../lib/gcc/arm-none-eabi/5.4.1/armv7-m/libgcc.a
LOAD /Users/bytedance/Documents/STM32/gcc-arm-none-eabi-5_4-2016q3/bin/../lib/gcc/arm-none-eabi/5.4.1/../../../../arm-none-eabi/lib/armv7-m/libc_nano.a
END GROUP
LOAD /Users/bytedance/Documents/STM32/gcc-arm-none-eabi-5_4-2016q3/bin/../lib/gcc/arm-none-eabi/5.4.1/armv7-m/crtend.o
LOAD /Users/bytedance/Documents/STM32/gcc-arm-none-eabi-5_4-2016q3/bin/../lib/gcc/arm-none-eabi/5.4.1/armv7-m/crtn.o
                0x0000000020010000                _estack = 0x20010000
                0x0000000000000200                _Min_Heap_Size = 0x200
                0x0000000000000400                _Min_Stack_Size = 0x400

.isr_vector     0x0000000008000000      0x1e4
                0x0000000008000000                . = ALIGN (0x4)
 *(.isr_vector)
 .isr_vector    0x0000000008000000      0x1e4 build/startup_stm32f103xe.o
                0x0000000008000000                g_pfnVectors
                0x00000000080001e4                . = ALIGN (0x4)

.text           0x00000000080001e8    0x2a83c
                0x00000000080001e8                . = ALIGN (0x4)
 *(.text)
 .text          0x00000000080001e8       0x5c /Users/bytedance/Documents/STM32/gcc-arm-none-eabi-5_4-2016q3/bin/../lib/gcc/arm-none-eabi/5.4.1/armv7-m/crtbegin.o
 .text          0x0000000008000244     0x18b0 /var/folders/dv/rmwv5dbs4b703h_lvs531f700000gp/T//ccwhPWyD.o
                0x0000000008000244                js_getlength
                0x000000000800027c                js_setlength
                0x00000000080002c0                js_hasindex
                0x00000000080002f0                js_getindex
                0x000000000800031c                js_setindex
                0x0000000008000348                js_delindex
                0x0000000008001910                jsB_initarray
 .text          0x0000000008001af4      0x144 /var/folders/dv/rmwv5dbs4b703h_lvs531f700000gp/T//ccu9rwsu.o
                0x0000000008001bc4                jsB_initboolean
 .text          0x0000000008001c38      0x92c /var/folders/dv/rmwv5dbs4b703h_lvs531f700000gp/T//ccTjFuv7.o
                0x0000000008001c64                jsB_propf
                0x0000000008001cb0                jsB_propn
                0x0000000008001ce0                jsB_props
                0x00000000080022ac                jsB_init
 *fill*         0x0000000008002564        0x4 
 .text          0x0000000008002568     0x2dac /var/folders/dv/rmwv5dbs4b703h_lvs531f700000gp/T//ccEnDhFW.o
                0x0000000008002568                jsC_error
                0x000000000800529c                jsC_compilefunction
                0x00000000080052d8                jsC_compilescript
 *fill*         0x0000000008005314        0x4 
 .text          0x0000000008005318     0x2fa8 /var/folders/dv/rmwv5dbs4b703h_lvs531f700000gp/T//ccofJIqi.o
                0x0000000008007ee0                jsB_initdate
 .text          0x00000000080082c0      0xc68 /var/folders/dv/rmwv5dbs4b703h_lvs531f700000gp/T//ccN7ufBj.o
                0x00000000080082c0                js_fmtexp
                0x0000000008008b08                js_grisu2
                0x0000000008008c30                js_strtod
 .text          0x0000000008008f28     0x2314 /var/folders/dv/rmwv5dbs4b703h_lvs531f700000gp/T//ccwJbH5q.o
                0x0000000008008f84                jsP_aststring
                0x0000000008008fb4                jsC_opcodestring
                0x000000000800a6e4                jsP_dumpsyntax
                0x000000000800ab38                jsP_dumplist
                0x000000000800ab74                jsC_dumpfunction
                0x000000000800af4c                js_dumpvalue
                0x000000000800b1f4                js_dumpobject
 .text          0x000000000800b23c      0x858 /var/folders/dv/rmwv5dbs4b703h_lvs531f700000gp/T//ccBZODdB.o
                0x000000000800b53c                js_newerror
                0x000000000800b560                js_error
                0x000000000800b5c4                js_newevalerror
                0x000000000800b5e8                js_evalerror
                0x000000000800b64c                js_newrangeerror
                0x000000000800b670                js_rangeerror
                0x000000000800b6d4                js_newreferenceerror
                0x000000000800b6f8                js_referenceerror
                0x000000000800b75c                js_newsyntaxerror
                0x000000000800b780                js_syntaxerror
                0x000000000800b7e4                js_newtypeerror
                0x000000000800b808                js_typeerror
                0x000000000800b86c                js_newurierror
                0x000000000800b890                js_urierror
                0x000000000800b8d4                jsB_initerror
 .text          0x000000000800ba94      0x6f0 /var/folders/dv/rmwv5dbs4b703h_lvs531f700000gp/T//ccsXtZgL.o
                0x000000000800c0cc                jsB_initfunction
 .text          0x000000000800c184      0xac4 /var/folders/dv/rmwv5dbs4b703h_lvs531f700000gp/T//ccFYmrER.o
                0x000000000800c5e0                js_gc
                0x000000000800cb74                js_freestate
 .text          0x000000000800cc48      0x468 /var/folders/dv/rmwv5dbs4b703h_lvs531f700000gp/T//ccwcuDik.o
                0x000000000800cca4                js_putc
                0x000000000800cd28                js_puts
                0x000000000800cd58                js_putm
                0x000000000800cfb0                jsS_dumpstrings
                0x000000000800d040                jsS_freestrings
                0x000000000800d074                js_intern
 .text          0x000000000800d0b0     0x2014 /var/folders/dv/rmwv5dbs4b703h_lvs531f700000gp/T//ccIaUrmN.o
                0x000000000800d124                jsY_tokenstring
                0x000000000800d164                jsY_findword
                0x000000000800d220                jsY_iswhite
                0x000000000800d260                jsY_isnewline
                0x000000000800d358                jsY_ishex
                0x000000000800d394                jsY_tohex
                0x000000000800e904                jsY_initlex
                0x000000000800e938                jsY_lex
                0x000000000800ee20                jsY_lexjson
 *fill*         0x000000000800f0c4        0x4 
 .text          0x000000000800f0c8      0x994 /var/folders/dv/rmwv5dbs4b703h_lvs531f700000gp/T//ccUqjEZ2.o
                0x000000000800f7e8                jsB_initmath
 *fill*         0x000000000800fa5c        0x4 
 .text          0x000000000800fa60      0xa04 /var/folders/dv/rmwv5dbs4b703h_lvs531f700000gp/T//cc7kWri7.o
                0x0000000008010330                jsB_initnumber
 .text          0x0000000008010464     0x113c /var/folders/dv/rmwv5dbs4b703h_lvs531f700000gp/T//cclleFWj.o
                0x00000000080113e4                jsB_initobject
 .text          0x00000000080115a0      0xe44 /var/folders/dv/rmwv5dbs4b703h_lvs531f700000gp/T//cchmn9Hd.o
                0x00000000080115a0                js_isnumberobject
                0x00000000080115d8                js_isstringobject
                0x0000000008012384                jsB_initjson
 .text          0x00000000080123e4     0x3820 /var/folders/dv/rmwv5dbs4b703h_lvs531f700000gp/T//cc3jonLr.o
                0x0000000008012654                jsP_freeparse
                0x0000000008015b58                jsP_parse
                0x0000000008015b9c                jsP_parsefunction
 .text          0x0000000008015c04      0x8f0 /var/folders/dv/rmwv5dbs4b703h_lvs531f700000gp/T//ccUMkPid.o
                0x0000000008015fac                jsV_newobject
                0x000000000801601c                jsV_getownproperty
                0x0000000008016040                jsV_getpropertyx
                0x0000000008016088                jsV_getproperty
                0x000000000801610c                jsV_setproperty
                0x0000000008016174                jsV_delproperty
                0x0000000008016280                jsV_newiterator
                0x000000000801638c                jsV_nextiterator
                0x0000000008016424                jsV_resizearray
 .text          0x00000000080164f4      0x71c /var/folders/dv/rmwv5dbs4b703h_lvs531f700000gp/T//ccg8lnRo.o
                0x0000000008016638                js_newregexp
                0x0000000008016658                js_RegExp_prototype_exec
                0x0000000008016b90                jsB_initregexp
 .text          0x0000000008016c10     0x4320 /var/folders/dv/rmwv5dbs4b703h_lvs531f700000gp/T//ccQdi4ji.o
                0x0000000008016d44                js_malloc
                0x0000000008016d74                js_realloc
                0x0000000008016da8                js_strdup
                0x0000000008016de0                js_free
                0x0000000008016e00                jsV_newmemstring
                0x0000000008016e64                js_pushvalue
                0x0000000008016ec0                js_pushundefined
                0x0000000008016f04                js_pushnull
                0x0000000008016f48                js_pushboolean
                0x0000000008016fac                js_pushnumber
                0x000000000801700c                js_pushstring
                0x00000000080170e0                js_pushlstring
                0x00000000080171ac                js_pushliteral
                0x0000000008017208                js_pushobject
                0x0000000008017264                js_pushglobal
                0x0000000008017284                js_currentfunction
                0x0000000008017304                js_currentfunctiondata
                0x0000000008017398                js_tovalue
                0x00000000080173b4                js_isdefined
                0x00000000080173dc                js_isundefined
                0x0000000008017404                js_isnull
                0x000000000801742c                js_isboolean
                0x0000000008017454                js_isnumber
                0x000000000801747c                js_isstring
                0x00000000080174b4                js_isprimitive
                0x00000000080174dc                js_isobject
                0x0000000008017504                js_iscoercible
                0x0000000008017538                js_iscallable
                0x0000000008017584                js_isarray
                0x00000000080175b8                js_isregexp
                0x00000000080175ec                js_isuserdata
                0x000000000801763c                js_iserror
                0x0000000008017670                js_typeof
                0x0000000008017708                js_type
                0x0000000008017788                js_toboolean
                0x00000000080177b0                js_tonumber
                0x00000000080177dc                js_tointeger
                0x0000000008017810                js_toint32
                0x0000000008017844                js_touint32
                0x0000000008017878                js_toint16
                0x00000000080178ac                js_touint16
                0x00000000080178e0                js_tostring
                0x0000000008017908                js_toobject
                0x0000000008017930                js_toprimitive
                0x0000000008017958                js_toregexp
                0x000000000801799c                js_touserdata
                0x0000000008017a58                js_gettop
                0x0000000008017a78                js_pop
                0x0000000008017ac4                js_remove
                0x0000000008017b5c                js_insert
                0x0000000008017b74                js_replace
                0x0000000008017bfc                js_copy
                0x0000000008017c50                js_dup
                0x0000000008017cb0                js_dup2
                0x0000000008017d40                js_rot2
                0x0000000008017dc8                js_rot3
                0x0000000008017e84                js_rot4
                0x0000000008017f74                js_rot2pop1
                0x0000000008017fc8                js_rot3pop2
                0x000000000801801c                js_rot
                0x00000000080180bc                js_isarrayindex
                0x00000000080189bc                js_ref
                0x0000000008018a90                js_unref
                0x0000000008018aac                js_getregistry
                0x0000000008018ad0                js_setregistry
                0x0000000008018afc                js_delregistry
                0x0000000008018b20                js_getglobal
                0x0000000008018b44                js_setglobal
                0x0000000008018b70                js_defglobal
                0x0000000008018bb8                js_delglobal
                0x0000000008018bdc                js_getproperty
                0x0000000008018c04                js_setproperty
                0x0000000008018c48                js_defproperty
                0x0000000008018c98                js_delproperty
                0x0000000008018cc0                js_defaccessor
                0x0000000008018d18                js_hasproperty
                0x0000000008018d44                js_pushiterator
                0x0000000008018d78                js_nextiterator
                0x0000000008018da0                jsR_newenvironment
                0x00000000080194e0                js_call
                0x0000000008019630                js_construct
                0x0000000008019784                js_eval
                0x00000000080197d8                js_pconstruct
                0x0000000008019854                js_pcall
                0x00000000080198d0                js_savetrypc
                0x00000000080199e0                js_savetry
                0x0000000008019aec                js_endtry
                0x0000000008019b20                js_throw
                0x0000000008019d40                js_stacktrace
                0x0000000008019df0                js_trap
 .text          0x000000000801af30      0x8bc /var/folders/dv/rmwv5dbs4b703h_lvs531f700000gp/T//ccPnzvbc.o
                0x000000000801b00c                js_ploadstring
                0x000000000801b05c                js_ploadfile
                0x000000000801b0a8                js_trystring
                0x000000000801b108                js_trynumber
                0x000000000801b178                js_tryinteger
                0x000000000801b1d8                js_tryboolean
                0x000000000801b2d0                js_loadeval
                0x000000000801b2f0                js_loadstring
                0x000000000801b310                js_loadfile
                0x000000000801b4ec                js_dostring
                0x000000000801b588                js_dofile
                0x000000000801b620                js_atpanic
                0x000000000801b644                js_report
                0x000000000801b668                js_setreport
                0x000000000801b684                js_setcontext
                0x000000000801b6a0                js_getcontext
                0x000000000801b6b8                js_newstate
 .text          0x000000000801b7ec     0x17c8 /var/folders/dv/rmwv5dbs4b703h_lvs531f700000gp/T//ccDL7A02.o
                0x000000000801b85c                js_runeat
                0x000000000801b8bc                js_utfidxtoptr
                0x000000000801b910                js_utfptrtoidx
                0x000000000801cdd4                jsB_initstring
 *fill*         0x000000000801cfb4        0x4 
 .text          0x000000000801cfb8     0x1988 /var/folders/dv/rmwv5dbs4b703h_lvs531f700000gp/T//ccoJwPge.o
                0x000000000801cfb8                js_strtol
                0x000000000801d0bc                jsV_numbertointeger
                0x000000000801d194                jsV_numbertoint32
                0x000000000801d294                jsV_numbertouint32
                0x000000000801d2b0                jsV_numbertoint16
                0x000000000801d2d0                jsV_numbertouint16
                0x000000000801d3d8                jsV_toprimitive
                0x000000000801d4bc                jsV_toboolean
                0x000000000801d574                js_itoa
                0x000000000801d630                js_stringtofloat
                0x000000000801d738                jsV_stringtonumber
                0x000000000801d87c                jsV_tonumber
                0x000000000801d938                jsV_tointeger
                0x000000000801d96c                jsV_numbertostring
                0x000000000801dbc8                jsV_tostring
                0x000000000801dd74                jsV_toobject
                0x000000000801de24                js_newobjectx
                0x000000000801de70                js_newobject
                0x000000000801de98                js_newarguments
                0x000000000801dec0                js_newarray
                0x000000000801dee8                js_newboolean
                0x000000000801df0c                js_newnumber
                0x000000000801df34                js_newstring
                0x000000000801df58                js_newfunction
                0x000000000801dff0                js_newscript
                0x000000000801e024                js_newcfunctionx
                0x000000000801e0d0                js_newcfunction
                0x000000000801e0fc                js_newcconstructor
                0x000000000801e19c                js_newuserdatax
                0x000000000801e214                js_newuserdata
                0x000000000801e244                js_instanceof
                0x000000000801e2ec                js_concat
                0x000000000801e418                js_compare
                0x000000000801e508                js_equal
                0x000000000801e7e8                js_strictequal
 .text          0x000000000801e940     0x2204 /var/folders/dv/rmwv5dbs4b703h_lvs531f700000gp/T//cchqNSJG.o
                0x0000000008020134                js_regcompx
                0x00000000080203a8                js_regfreex
                0x0000000008020408                js_regcomp
                0x0000000008020434                js_regfree
                0x0000000008020ac8                js_regexec
 .text          0x0000000008020b44      0x5a4 /var/folders/dv/rmwv5dbs4b703h_lvs531f700000gp/T//ccglZCj7.o
                0x0000000008020b44                jsU_chartorune
                0x0000000008020c90                jsU_runetochar
                0x0000000008020dc8                jsU_runelen
                0x0000000008020df0                jsU_utflen
                0x0000000008020eac                jsU_tolowerrune
                0x0000000008020f28                jsU_toupperrune
                0x0000000008020fa4                jsU_islowerrune
                0x0000000008021010                jsU_isupperrune
                0x000000000802107c                jsU_isalpharune
 .text          0x00000000080210e8       0x1c /Users/bytedance/Documents/STM32/gcc-arm-none-eabi-5_4-2016q3/bin/../lib/gcc/arm-none-eabi/5.4.1/../../../../arm-none-eabi/lib/armv7-m/libc_nano.a(lib_a-setjmp.o)
                0x00000000080210e8                setjmp
                0x00000000080210f4                longjmp
 .text          0x0000000008021104       0x14 /Users/bytedance/Documents/STM32/gcc-arm-none-eabi-5_4-2016q3/bin/../lib/gcc/arm-none-eabi/5.4.1/../../../../arm-none-eabi/lib/armv7-m/libc_nano.a(lib_a-strcmp.o)
                0x0000000008021104                strcmp
 .text          0x0000000008021118       0x10 /Users/bytedance/Documents/STM32/gcc-arm-none-eabi-5_4-2016q3/bin/../lib/gcc/arm-none-eabi/5.4.1/../../../../arm-none-eabi/lib/armv7-m/libc_nano.a(lib_a-strlen.o)
                0x0000000008021118                strlen
 .text          0x0000000008021128      0x370 /Users/bytedance/Documents/STM32/gcc-arm-none-eabi-5_4-2016q3/bin/../lib/gcc/arm-none-eabi/5.4.1/armv7-m/libgcc.a(_arm_addsubdf3.o)
                0x0000000008021128                __aeabi_drsub
                0x0000000008021130                __subdf3
                0x0000000008021130                __aeabi_dsub
                0x0000000008021134                __aeabi_dadd
                0x0000000008021134                __adddf3
                0x00000000080213ac                __aeabi_ui2d
                0x00000000080213ac                __floatunsidf
                0x00000000080213cc                __floatsidf
                0x00000000080213cc                __aeabi_i2d
                0x00000000080213f0                __extendsfdf2
                0x00000000080213f0                __aeabi_f2d
                0x000000000802142c                __aeabi_ul2d
                0x000000000802142c                __floatundidf
                0x000000000802143c                __aeabi_l2d
                0x000000000802143c                __floatdidf
 .text          0x0000000008021498      0x424 /Users/bytedance/Documents/STM32/gcc-arm-none-eabi-5_4-2016q3/bin/../lib/gcc/arm-none-eabi/5.4.1/armv7-m/libgcc.a(_arm_muldivdf3.o)
                0x0000000008021498                __aeabi_dmul
                0x0000000008021498                __muldf3
                0x00000000080216ec                __aeabi_ddiv
                0x00000000080216ec                __divdf3
 .text          0x00000000080218bc      0x110 /Users/bytedance/Documents/STM32/gcc-arm-none-eabi-5_4-2016q3/bin/../lib/gcc/arm-none-eabi/5.4.1/armv7-m/libgcc.a(_arm_cmpdf2.o)
                0x00000000080218bc                __gedf2
                0x00000000080218bc                __gtdf2
                0x00000000080218c4                __ledf2
                0x00000000080218c4                __ltdf2
                0x00000000080218cc                __cmpdf2
                0x00000000080218cc                __eqdf2
                0x00000000080218cc                __nedf2
                0x0000000008021948                __aeabi_cdrcmple
                0x0000000008021958                __aeabi_cdcmple
                0x0000000008021958                __aeabi_cdcmpeq
                0x0000000008021968                __aeabi_dcmpeq
                0x000000000802197c                __aeabi_dcmplt
                0x0000000008021990                __aeabi_dcmple
                0x00000000080219a4                __aeabi_dcmpge
                0x00000000080219b8                __aeabi_dcmpgt
 .text          0x00000000080219cc       0x2c /Users/bytedance/Documents/STM32/gcc-arm-none-eabi-5_4-2016q3/bin/../lib/gcc/arm-none-eabi/5.4.1/armv7-m/libgcc.a(_arm_unorddf2.o)
                0x00000000080219cc                __aeabi_dcmpun
                0x00000000080219cc                __unorddf2
 .text          0x00000000080219f8       0x50 /Users/bytedance/Documents/STM32/gcc-arm-none-eabi-5_4-2016q3/bin/../lib/gcc/arm-none-eabi/5.4.1/armv7-m/libgcc.a(_arm_fixdfsi.o)
                0x00000000080219f8                __fixdfsi
                0x00000000080219f8                __aeabi_d2iz
 .text          0x0000000008021a48       0x40 /Users/bytedance/Documents/STM32/gcc-arm-none-eabi-5_4-2016q3/bin/../lib/gcc/arm-none-eabi/5.4.1/armv7-m/libgcc.a(_arm_fixunsdfsi.o)
                0x0000000008021a48                __fixunsdfsi
                0x0000000008021a48                __aeabi_d2uiz
 .text          0x0000000008021a88       0x30 /Users/bytedance/Documents/STM32/gcc-arm-none-eabi-5_4-2016q3/bin/../lib/gcc/arm-none-eabi/5.4.1/armv7-m/libgcc.a(_aeabi_uldivmod.o)
                0x0000000008021a88                __aeabi_uldivmod
 .text          0x0000000008021ab8       0x48 /Users/bytedance/Documents/STM32/gcc-arm-none-eabi-5_4-2016q3/bin/../lib/gcc/arm-none-eabi/5.4.1/armv7-m/libgcc.a(_fixunsdfdi.o)
                0x0000000008021ab8                __aeabi_d2ulz
                0x0000000008021ab8                __fixunsdfdi
 .text          0x0000000008021b00      0x2ec /Users/bytedance/Documents/STM32/gcc-arm-none-eabi-5_4-2016q3/bin/../lib/gcc/arm-none-eabi/5.4.1/armv7-m/libgcc.a(_udivmoddi4.o)
                0x0000000008021b00                __udivmoddi4
 .text          0x0000000008021dec        0x4 /Users/bytedance/Documents/STM32/gcc-arm-none-eabi-5_4-2016q3/bin/../lib/gcc/arm-none-eabi/5.4.1/armv7-m/libgcc.a(_dvmd_tls.o)
                0x0000000008021dec                __aeabi_ldiv0
                0x0000000008021dec                __aeabi_idiv0
 *(.text*)
 .text.MX_GPIO_Init
                0x0000000008021df0       0x60 build/main.o
 .text.Error_Handler
                0x0000000008021e50        0x4 build/main.o
                0x0000000008021e50                Error_Handler
 .text.SystemClock_Config
                0x0000000008021e54       0x54 build/main.o
                0x0000000008021e54                SystemClock_Config
 .text.main     0x0000000008021ea8       0x24 build/main.o
                0x0000000008021ea8                main
 .text.Seek_GPIO
                0x0000000008021ecc       0x2c build/key.o
                0x0000000008021ecc                Seek_GPIO
 .text.NMI_Handler
                0x0000000008021ef8        0x4 build/stm32f1xx_it.o
                0x0000000008021ef8                NMI_Handler
 .text.HardFault_Handler
                0x0000000008021efc        0x4 build/stm32f1xx_it.o
                0x0000000008021efc                HardFault_Handler
 .text.MemManage_Handler
                0x0000000008021f00        0x4 build/stm32f1xx_it.o
                0x0000000008021f00                MemManage_Handler
 .text.BusFault_Handler
                0x0000000008021f04        0x4 build/stm32f1xx_it.o
                0x0000000008021f04                BusFault_Handler
 .text.UsageFault_Handler
                0x0000000008021f08        0x4 build/stm32f1xx_it.o
                0x0000000008021f08                UsageFault_Handler
 .text.SVC_Handler
                0x0000000008021f0c        0x4 build/stm32f1xx_it.o
                0x0000000008021f0c                SVC_Handler
 .text.DebugMon_Handler
                0x0000000008021f10        0x4 build/stm32f1xx_it.o
                0x0000000008021f10                DebugMon_Handler
 .text.PendSV_Handler
                0x0000000008021f14        0x4 build/stm32f1xx_it.o
                0x0000000008021f14                PendSV_Handler
 .text.SysTick_Handler
                0x0000000008021f18        0x8 build/stm32f1xx_it.o
                0x0000000008021f18                SysTick_Handler
 .text.SystemInit
                0x0000000008021f20        0x4 build/system_stm32f1xx.o
                0x0000000008021f20                SystemInit
 .text.HAL_MspInit
                0x0000000008021f24       0x44 build/stm32f1xx_hal_msp.o
                0x0000000008021f24                HAL_MspInit
 .text.HAL_InitTick
                0x0000000008021f68       0x4c build/stm32f1xx_hal.o
                0x0000000008021f68                HAL_InitTick
 .text.HAL_Init
                0x0000000008021fb4       0x24 build/stm32f1xx_hal.o
                0x0000000008021fb4                HAL_Init
 .text.HAL_IncTick
                0x0000000008021fd8       0x18 build/stm32f1xx_hal.o
                0x0000000008021fd8                HAL_IncTick
 .text.HAL_GetTick
                0x0000000008021ff0        0xc build/stm32f1xx_hal.o
                0x0000000008021ff0                HAL_GetTick
 .text.RCC_Delay
                0x0000000008021ffc       0x2c build/stm32f1xx_hal_rcc.o
 .text.HAL_RCC_OscConfig
                0x0000000008022028      0x434 build/stm32f1xx_hal_rcc.o
                0x0000000008022028                HAL_RCC_OscConfig
 .text.HAL_RCC_GetSysClockFreq
                0x000000000802245c       0x70 build/stm32f1xx_hal_rcc.o
                0x000000000802245c                HAL_RCC_GetSysClockFreq
 .text.HAL_RCC_ClockConfig
                0x00000000080224cc      0x170 build/stm32f1xx_hal_rcc.o
                0x00000000080224cc                HAL_RCC_ClockConfig
 .text.HAL_GPIO_Init
                0x000000000802263c      0x1f0 build/stm32f1xx_hal_gpio.o
                0x000000000802263c                HAL_GPIO_Init
 .text.HAL_GPIO_ReadPin
                0x000000000802282c       0x10 build/stm32f1xx_hal_gpio.o
                0x000000000802282c                HAL_GPIO_ReadPin
 .text.HAL_GPIO_WritePin
                0x000000000802283c        0xc build/stm32f1xx_hal_gpio.o
                0x000000000802283c                HAL_GPIO_WritePin
 .text.HAL_NVIC_SetPriorityGrouping
                0x0000000008022848       0x24 build/stm32f1xx_hal_cortex.o
                0x0000000008022848                HAL_NVIC_SetPriorityGrouping
 .text.HAL_NVIC_SetPriority
                0x000000000802286c       0x64 build/stm32f1xx_hal_cortex.o
                0x000000000802286c                HAL_NVIC_SetPriority
 .text.HAL_SYSTICK_Config
                0x00000000080228d0       0x2c build/stm32f1xx_hal_cortex.o
                0x00000000080228d0                HAL_SYSTICK_Config
 .text.Reset_Handler
                0x00000000080228fc       0x48 build/startup_stm32f103xe.o
                0x00000000080228fc                Reset_Handler
 .text.Default_Handler
                0x0000000008022944        0x2 build/startup_stm32f103xe.o
                0x0000000008022944                DMA2_Channel3_IRQHandler
                0x0000000008022944                EXTI2_IRQHandler
                0x0000000008022944                TIM8_TRG_COM_IRQHandler
                0x0000000008022944                TIM8_CC_IRQHandler
                0x0000000008022944                TIM1_CC_IRQHandler
                0x0000000008022944                TIM6_IRQHandler
                0x0000000008022944                PVD_IRQHandler
                0x0000000008022944                SDIO_IRQHandler
                0x0000000008022944                EXTI3_IRQHandler
                0x0000000008022944                EXTI0_IRQHandler
                0x0000000008022944                I2C2_EV_IRQHandler
                0x0000000008022944                ADC1_2_IRQHandler
                0x0000000008022944                SPI1_IRQHandler
                0x0000000008022944                TAMPER_IRQHandler
                0x0000000008022944                TIM8_UP_IRQHandler
                0x0000000008022944                DMA2_Channel2_IRQHandler
                0x0000000008022944                DMA1_Channel4_IRQHandler
                0x0000000008022944                USART3_IRQHandler
                0x0000000008022944                RTC_IRQHandler
                0x0000000008022944                DMA1_Channel7_IRQHandler
                0x0000000008022944                CAN1_RX1_IRQHandler
                0x0000000008022944                UART5_IRQHandler
                0x0000000008022944                ADC3_IRQHandler
                0x0000000008022944                TIM4_IRQHandler
                0x0000000008022944                DMA2_Channel1_IRQHandler
                0x0000000008022944                I2C1_EV_IRQHandler
                0x0000000008022944                DMA1_Channel6_IRQHandler
                0x0000000008022944                UART4_IRQHandler
                0x0000000008022944                TIM3_IRQHandler
                0x0000000008022944                RCC_IRQHandler
                0x0000000008022944                TIM1_TRG_COM_IRQHandler
                0x0000000008022944                DMA1_Channel1_IRQHandler
                0x0000000008022944                Default_Handler
                0x0000000008022944                EXTI15_10_IRQHandler
                0x0000000008022944                TIM7_IRQHandler
                0x0000000008022944                TIM5_IRQHandler
                0x0000000008022944                EXTI9_5_IRQHandler
                0x0000000008022944                SPI2_IRQHandler
                0x0000000008022944                DMA1_Channel5_IRQHandler
                0x0000000008022944                EXTI4_IRQHandler
                0x0000000008022944                USB_LP_CAN1_RX0_IRQHandler
                0x0000000008022944                USB_HP_CAN1_TX_IRQHandler
                0x0000000008022944                DMA1_Channel3_IRQHandler
                0x0000000008022944                FSMC_IRQHandler
                0x0000000008022944                TIM1_UP_IRQHandler
                0x0000000008022944                WWDG_IRQHandler
                0x0000000008022944                TIM2_IRQHandler
                0x0000000008022944                TIM1_BRK_IRQHandler
                0x0000000008022944                EXTI1_IRQHandler
                0x0000000008022944                DMA2_Channel4_5_IRQHandler
                0x0000000008022944                USART2_IRQHandler
                0x0000000008022944                I2C2_ER_IRQHandler
                0x0000000008022944                DMA1_Channel2_IRQHandler
                0x0000000008022944                TIM8_BRK_IRQHandler
                0x0000000008022944                CAN1_SCE_IRQHandler
                0x0000000008022944                FLASH_IRQHandler
                0x0000000008022944                USART1_IRQHandler
                0x0000000008022944                SPI3_IRQHandler
                0x0000000008022944                I2C1_ER_IRQHandler
                0x0000000008022944                USBWakeUp_IRQHandler
                0x0000000008022944                RTC_Alarm_IRQHandler
 .text.abort    0x0000000008022946        0xe /Users/bytedance/Documents/STM32/gcc-arm-none-eabi-5_4-2016q3/bin/../lib/gcc/arm-none-eabi/5.4.1/../../../../arm-none-eabi/lib/armv7-m/libc_nano.a(lib_a-abort.o)
                0x0000000008022946                abort
 .text.__assert_func
                0x0000000008022954       0x3c /Users/bytedance/Documents/STM32/gcc-arm-none-eabi-5_4-2016q3/bin/../lib/gcc/arm-none-eabi/5.4.1/../../../../arm-none-eabi/lib/armv7-m/libc_nano.a(lib_a-assert.o)
                0x0000000008022954                __assert_func
 .text.atoi     0x0000000008022990        0x8 /Users/bytedance/Documents/STM32/gcc-arm-none-eabi-5_4-2016q3/bin/../lib/gcc/arm-none-eabi/5.4.1/../../../../arm-none-eabi/lib/armv7-m/libc_nano.a(lib_a-atoi.o)
                0x0000000008022990                atoi
 .text.__errno  0x0000000008022998        0xc /Users/bytedance/Documents/STM32/gcc-arm-none-eabi-5_4-2016q3/bin/../lib/gcc/arm-none-eabi/5.4.1/../../../../arm-none-eabi/lib/armv7-m/libc_nano.a(lib_a-errno.o)
                0x0000000008022998                __errno
 .text._fclose_r
                0x00000000080229a4       0xa4 /Users/bytedance/Documents/STM32/gcc-arm-none-eabi-5_4-2016q3/bin/../lib/gcc/arm-none-eabi/5.4.1/../../../../arm-none-eabi/lib/armv7-m/libc_nano.a(lib_a-fclose.o)
                0x00000000080229a4                _fclose_r
 .text.fclose   0x0000000008022a48       0x10 /Users/bytedance/Documents/STM32/gcc-arm-none-eabi-5_4-2016q3/bin/../lib/gcc/arm-none-eabi/5.4.1/../../../../arm-none-eabi/lib/armv7-m/libc_nano.a(lib_a-fclose.o)
                0x0000000008022a48                fclose
 .text.__sflush_r
                0x0000000008022a58      0x10c /Users/bytedance/Documents/STM32/gcc-arm-none-eabi-5_4-2016q3/bin/../lib/gcc/arm-none-eabi/5.4.1/../../../../arm-none-eabi/lib/armv7-m/libc_nano.a(lib_a-fflush.o)
                0x0000000008022a58                __sflush_r
 .text._fflush_r
                0x0000000008022b64       0x54 /Users/bytedance/Documents/STM32/gcc-arm-none-eabi-5_4-2016q3/bin/../lib/gcc/arm-none-eabi/5.4.1/../../../../arm-none-eabi/lib/armv7-m/libc_nano.a(lib_a-fflush.o)
                0x0000000008022b64                _fflush_r
 .text.fflush   0x0000000008022bb8       0x24 /Users/bytedance/Documents/STM32/gcc-arm-none-eabi-5_4-2016q3/bin/../lib/gcc/arm-none-eabi/5.4.1/../../../../arm-none-eabi/lib/armv7-m/libc_nano.a(lib_a-fflush.o)
                0x0000000008022bb8                fflush
 .text._cleanup_r
                0x0000000008022bdc        0xc /Users/bytedance/Documents/STM32/gcc-arm-none-eabi-5_4-2016q3/bin/../lib/gcc/arm-none-eabi/5.4.1/../../../../arm-none-eabi/lib/armv7-m/libc_nano.a(lib_a-findfp.o)
                0x0000000008022bdc                _cleanup_r
 .text.std.isra.0
                0x0000000008022be8       0x48 /Users/bytedance/Documents/STM32/gcc-arm-none-eabi-5_4-2016q3/bin/../lib/gcc/arm-none-eabi/5.4.1/../../../../arm-none-eabi/lib/armv7-m/libc_nano.a(lib_a-findfp.o)
 .text.__sfmoreglue
                0x0000000008022c30       0x2c /Users/bytedance/Documents/STM32/gcc-arm-none-eabi-5_4-2016q3/bin/../lib/gcc/arm-none-eabi/5.4.1/../../../../arm-none-eabi/lib/armv7-m/libc_nano.a(lib_a-findfp.o)
                0x0000000008022c30                __sfmoreglue
 .text.__sinit  0x0000000008022c5c       0x60 /Users/bytedance/Documents/STM32/gcc-arm-none-eabi-5_4-2016q3/bin/../lib/gcc/arm-none-eabi/5.4.1/../../../../arm-none-eabi/lib/armv7-m/libc_nano.a(lib_a-findfp.o)
                0x0000000008022c5c                __sinit
 .text.__sfp    0x0000000008022cbc       0x78 /Users/bytedance/Documents/STM32/gcc-arm-none-eabi-5_4-2016q3/bin/../lib/gcc/arm-none-eabi/5.4.1/../../../../arm-none-eabi/lib/armv7-m/libc_nano.a(lib_a-findfp.o)
                0x0000000008022cbc                __sfp
 .text.__sfp_lock_acquire
                0x0000000008022d34        0x2 /Users/bytedance/Documents/STM32/gcc-arm-none-eabi-5_4-2016q3/bin/../lib/gcc/arm-none-eabi/5.4.1/../../../../arm-none-eabi/lib/armv7-m/libc_nano.a(lib_a-findfp.o)
                0x0000000008022d34                __sfp_lock_acquire
 .text.__sfp_lock_release
                0x0000000008022d36        0x2 /Users/bytedance/Documents/STM32/gcc-arm-none-eabi-5_4-2016q3/bin/../lib/gcc/arm-none-eabi/5.4.1/../../../../arm-none-eabi/lib/armv7-m/libc_nano.a(lib_a-findfp.o)
                0x0000000008022d36                __sfp_lock_release
 .text._fopen_r
                0x0000000008022d38       0x80 /Users/bytedance/Documents/STM32/gcc-arm-none-eabi-5_4-2016q3/bin/../lib/gcc/arm-none-eabi/5.4.1/../../../../arm-none-eabi/lib/armv7-m/libc_nano.a(lib_a-fopen.o)
                0x0000000008022d38                _fopen_r
 .text.fopen    0x0000000008022db8       0x10 /Users/bytedance/Documents/STM32/gcc-arm-none-eabi-5_4-2016q3/bin/../lib/gcc/arm-none-eabi/5.4.1/../../../../arm-none-eabi/lib/armv7-m/libc_nano.a(lib_a-fopen.o)
                0x0000000008022db8                fopen
 .text.fprintf  0x0000000008022dc8       0x24 /Users/bytedance/Documents/STM32/gcc-arm-none-eabi-5_4-2016q3/bin/../lib/gcc/arm-none-eabi/5.4.1/../../../../arm-none-eabi/lib/armv7-m/libc_nano.a(lib_a-fprintf.o)
                0x0000000008022dc8                fprintf
                0x0000000008022dc8                fiprintf
 .text._fputc_r
                0x0000000008022dec       0x48 /Users/bytedance/Documents/STM32/gcc-arm-none-eabi-5_4-2016q3/bin/../lib/gcc/arm-none-eabi/5.4.1/../../../../arm-none-eabi/lib/armv7-m/libc_nano.a(lib_a-fputc.o)
                0x0000000008022dec                _fputc_r
 .text.fputc    0x0000000008022e34       0x10 /Users/bytedance/Documents/STM32/gcc-arm-none-eabi-5_4-2016q3/bin/../lib/gcc/arm-none-eabi/5.4.1/../../../../arm-none-eabi/lib/armv7-m/libc_nano.a(lib_a-fputc.o)
                0x0000000008022e34                fputc
 .text._fputs_r
                0x0000000008022e44       0x8c /Users/bytedance/Documents/STM32/gcc-arm-none-eabi-5_4-2016q3/bin/../lib/gcc/arm-none-eabi/5.4.1/../../../../arm-none-eabi/lib/armv7-m/libc_nano.a(lib_a-fputs.o)
                0x0000000008022e44                _fputs_r
 .text.fputs    0x0000000008022ed0       0x10 /Users/bytedance/Documents/STM32/gcc-arm-none-eabi-5_4-2016q3/bin/../lib/gcc/arm-none-eabi/5.4.1/../../../../arm-none-eabi/lib/armv7-m/libc_nano.a(lib_a-fputs.o)
                0x0000000008022ed0                fputs
 .text._fread_r
                0x0000000008022ee0       0xa8 /Users/bytedance/Documents/STM32/gcc-arm-none-eabi-5_4-2016q3/bin/../lib/gcc/arm-none-eabi/5.4.1/../../../../arm-none-eabi/lib/armv7-m/libc_nano.a(lib_a-fread.o)
                0x0000000008022ee0                _fread_r
 .text.fread    0x0000000008022f88       0x1c /Users/bytedance/Documents/STM32/gcc-arm-none-eabi-5_4-2016q3/bin/../lib/gcc/arm-none-eabi/5.4.1/../../../../arm-none-eabi/lib/armv7-m/libc_nano.a(lib_a-fread.o)
                0x0000000008022f88                fread
 .text._fseek_r
                0x0000000008022fa4        0x4 /Users/bytedance/Documents/STM32/gcc-arm-none-eabi-5_4-2016q3/bin/../lib/gcc/arm-none-eabi/5.4.1/../../../../arm-none-eabi/lib/armv7-m/libc_nano.a(lib_a-fseek.o)
                0x0000000008022fa4                _fseek_r
 .text.fseek    0x0000000008022fa8       0x14 /Users/bytedance/Documents/STM32/gcc-arm-none-eabi-5_4-2016q3/bin/../lib/gcc/arm-none-eabi/5.4.1/../../../../arm-none-eabi/lib/armv7-m/libc_nano.a(lib_a-fseek.o)
                0x0000000008022fa8                fseek
 .text._fseeko_r
                0x0000000008022fbc      0x118 /Users/bytedance/Documents/STM32/gcc-arm-none-eabi-5_4-2016q3/bin/../lib/gcc/arm-none-eabi/5.4.1/../../../../arm-none-eabi/lib/armv7-m/libc_nano.a(lib_a-fseeko.o)
                0x0000000008022fbc                _fseeko_r
 .text.ftell    0x00000000080230d4       0x10 /Users/bytedance/Documents/STM32/gcc-arm-none-eabi-5_4-2016q3/bin/../lib/gcc/arm-none-eabi/5.4.1/../../../../arm-none-eabi/lib/armv7-m/libc_nano.a(lib_a-ftell.o)
                0x00000000080230d4                ftell
 .text._ftello_r
                0x00000000080230e4       0x94 /Users/bytedance/Documents/STM32/gcc-arm-none-eabi-5_4-2016q3/bin/../lib/gcc/arm-none-eabi/5.4.1/../../../../arm-none-eabi/lib/armv7-m/libc_nano.a(lib_a-ftello.o)
                0x00000000080230e4                _ftello_r
 .text._fwalk   0x0000000008023178       0x38 /Users/bytedance/Documents/STM32/gcc-arm-none-eabi-5_4-2016q3/bin/../lib/gcc/arm-none-eabi/5.4.1/../../../../arm-none-eabi/lib/armv7-m/libc_nano.a(lib_a-fwalk.o)
                0x0000000008023178                _fwalk
 .text._fwalk_reent
                0x00000000080231b0       0x3c /Users/bytedance/Documents/STM32/gcc-arm-none-eabi-5_4-2016q3/bin/../lib/gcc/arm-none-eabi/5.4.1/../../../../arm-none-eabi/lib/armv7-m/libc_nano.a(lib_a-fwalk.o)
                0x00000000080231b0                _fwalk_reent
 .text.gmtime   0x00000000080231ec       0x24 /Users/bytedance/Documents/STM32/gcc-arm-none-eabi-5_4-2016q3/bin/../lib/gcc/arm-none-eabi/5.4.1/../../../../arm-none-eabi/lib/armv7-m/libc_nano.a(lib_a-gmtime.o)
                0x00000000080231ec                gmtime
 .text.gmtime_r
                0x0000000008023210      0x12c /Users/bytedance/Documents/STM32/gcc-arm-none-eabi-5_4-2016q3/bin/../lib/gcc/arm-none-eabi/5.4.1/../../../../arm-none-eabi/lib/armv7-m/libc_nano.a(lib_a-gmtime_r.o)
                0x0000000008023210                gmtime_r
 .text.__libc_init_array
                0x000000000802333c       0x4c /Users/bytedance/Documents/STM32/gcc-arm-none-eabi-5_4-2016q3/bin/../lib/gcc/arm-none-eabi/5.4.1/../../../../arm-none-eabi/lib/armv7-m/libc_nano.a(lib_a-init.o)
                0x000000000802333c                __libc_init_array
 .text.localtime
                0x0000000008023388       0x24 /Users/bytedance/Documents/STM32/gcc-arm-none-eabi-5_4-2016q3/bin/../lib/gcc/arm-none-eabi/5.4.1/../../../../arm-none-eabi/lib/armv7-m/libc_nano.a(lib_a-lcltime.o)
                0x0000000008023388                localtime
 .text.localtime_r
                0x00000000080233ac      0x1cc /Users/bytedance/Documents/STM32/gcc-arm-none-eabi-5_4-2016q3/bin/../lib/gcc/arm-none-eabi/5.4.1/../../../../arm-none-eabi/lib/armv7-m/libc_nano.a(lib_a-lcltime_r.o)
                0x00000000080233ac                localtime_r
 .text.__swhatbuf_r
                0x0000000008023578       0x46 /Users/bytedance/Documents/STM32/gcc-arm-none-eabi-5_4-2016q3/bin/../lib/gcc/arm-none-eabi/5.4.1/../../../../arm-none-eabi/lib/armv7-m/libc_nano.a(lib_a-makebuf.o)
                0x0000000008023578                __swhatbuf_r
 *fill*         0x00000000080235be        0x2 
 .text.__smakebuf_r
                0x00000000080235c0       0x78 /Users/bytedance/Documents/STM32/gcc-arm-none-eabi-5_4-2016q3/bin/../lib/gcc/arm-none-eabi/5.4.1/../../../../arm-none-eabi/lib/armv7-m/libc_nano.a(lib_a-makebuf.o)
                0x00000000080235c0                __smakebuf_r
 .text.malloc   0x0000000008023638       0x10 /Users/bytedance/Documents/STM32/gcc-arm-none-eabi-5_4-2016q3/bin/../lib/gcc/arm-none-eabi/5.4.1/../../../../arm-none-eabi/lib/armv7-m/libc_nano.a(lib_a-malloc.o)
                0x0000000008023638                malloc
 .text.free     0x0000000008023648       0x10 /Users/bytedance/Documents/STM32/gcc-arm-none-eabi-5_4-2016q3/bin/../lib/gcc/arm-none-eabi/5.4.1/../../../../arm-none-eabi/lib/armv7-m/libc_nano.a(lib_a-malloc.o)
                0x0000000008023648                free
 .text.memcpy   0x0000000008023658       0x16 /Users/bytedance/Documents/STM32/gcc-arm-none-eabi-5_4-2016q3/bin/../lib/gcc/arm-none-eabi/5.4.1/../../../../arm-none-eabi/lib/armv7-m/libc_nano.a(lib_a-memcpy-stub.o)
                0x0000000008023658                memcpy
 .text.memset   0x000000000802366e       0x10 /Users/bytedance/Documents/STM32/gcc-arm-none-eabi-5_4-2016q3/bin/../lib/gcc/arm-none-eabi/5.4.1/../../../../arm-none-eabi/lib/armv7-m/libc_nano.a(lib_a-memset.o)
                0x000000000802366e                memset
 *fill*         0x000000000802367e        0x2 
 .text.validate_structure
                0x0000000008023680      0x1b8 /Users/bytedance/Documents/STM32/gcc-arm-none-eabi-5_4-2016q3/bin/../lib/gcc/arm-none-eabi/5.4.1/../../../../arm-none-eabi/lib/armv7-m/libc_nano.a(lib_a-mktime.o)
 .text.mktime   0x0000000008023838      0x2e4 /Users/bytedance/Documents/STM32/gcc-arm-none-eabi-5_4-2016q3/bin/../lib/gcc/arm-none-eabi/5.4.1/../../../../arm-none-eabi/lib/armv7-m/libc_nano.a(lib_a-mktime.o)
                0x0000000008023838                mktime
 .text._free_r  0x0000000008023b1c       0x98 /Users/bytedance/Documents/STM32/gcc-arm-none-eabi-5_4-2016q3/bin/../lib/gcc/arm-none-eabi/5.4.1/../../../../arm-none-eabi/lib/armv7-m/libc_nano.a(lib_a-nano-freer.o)
                0x0000000008023b1c                _free_r
 .text._malloc_r
                0x0000000008023bb4       0xbc /Users/bytedance/Documents/STM32/gcc-arm-none-eabi-5_4-2016q3/bin/../lib/gcc/arm-none-eabi/5.4.1/../../../../arm-none-eabi/lib/armv7-m/libc_nano.a(lib_a-nano-mallocr.o)
                0x0000000008023bb4                _malloc_r
 .text.__sfputc_r
                0x0000000008023c70       0x2c /Users/bytedance/Documents/STM32/gcc-arm-none-eabi-5_4-2016q3/bin/../lib/gcc/arm-none-eabi/5.4.1/../../../../arm-none-eabi/lib/armv7-m/libc_nano.a(lib_a-nano-vfprintf.o)
 .text.__sfputs_r
                0x0000000008023c9c       0x24 /Users/bytedance/Documents/STM32/gcc-arm-none-eabi-5_4-2016q3/bin/../lib/gcc/arm-none-eabi/5.4.1/../../../../arm-none-eabi/lib/armv7-m/libc_nano.a(lib_a-nano-vfprintf.o)
                0x0000000008023c9c                __sfputs_r
 .text._vfprintf_r
                0x0000000008023cc0      0x238 /Users/bytedance/Documents/STM32/gcc-arm-none-eabi-5_4-2016q3/bin/../lib/gcc/arm-none-eabi/5.4.1/../../../../arm-none-eabi/lib/armv7-m/libc_nano.a(lib_a-nano-vfprintf.o)
                0x0000000008023cc0                _vfiprintf_r
                0x0000000008023cc0                _vfprintf_r
 .text._printf_common
                0x0000000008023ef8       0xec /Users/bytedance/Documents/STM32/gcc-arm-none-eabi-5_4-2016q3/bin/../lib/gcc/arm-none-eabi/5.4.1/../../../../arm-none-eabi/lib/armv7-m/libc_nano.a(lib_a-nano-vfprintf_i.o)
                0x0000000008023ef8                _printf_common
 .text._printf_i
                0x0000000008023fe4      0x24c /Users/bytedance/Documents/STM32/gcc-arm-none-eabi-5_4-2016q3/bin/../lib/gcc/arm-none-eabi/5.4.1/../../../../arm-none-eabi/lib/armv7-m/libc_nano.a(lib_a-nano-vfprintf_i.o)
                0x0000000008023fe4                _printf_i
 .text._open_r  0x0000000008024230       0x24 /Users/bytedance/Documents/STM32/gcc-arm-none-eabi-5_4-2016q3/bin/../lib/gcc/arm-none-eabi/5.4.1/../../../../arm-none-eabi/lib/armv7-m/libc_nano.a(lib_a-openr.o)
                0x0000000008024230                _open_r
 .text.printf   0x0000000008024254       0x30 /Users/bytedance/Documents/STM32/gcc-arm-none-eabi-5_4-2016q3/bin/../lib/gcc/arm-none-eabi/5.4.1/../../../../arm-none-eabi/lib/armv7-m/libc_nano.a(lib_a-printf.o)
                0x0000000008024254                printf
                0x0000000008024254                iprintf
 .text._putc_r  0x0000000008024284       0x6c /Users/bytedance/Documents/STM32/gcc-arm-none-eabi-5_4-2016q3/bin/../lib/gcc/arm-none-eabi/5.4.1/../../../../arm-none-eabi/lib/armv7-m/libc_nano.a(lib_a-putc.o)
                0x0000000008024284                _putc_r
 .text._puts_r  0x00000000080242f0       0xb4 /Users/bytedance/Documents/STM32/gcc-arm-none-eabi-5_4-2016q3/bin/../lib/gcc/arm-none-eabi/5.4.1/../../../../arm-none-eabi/lib/armv7-m/libc_nano.a(lib_a-puts.o)
                0x00000000080242f0                _puts_r
 .text.puts     0x00000000080243a4       0x10 /Users/bytedance/Documents/STM32/gcc-arm-none-eabi-5_4-2016q3/bin/../lib/gcc/arm-none-eabi/5.4.1/../../../../arm-none-eabi/lib/armv7-m/libc_nano.a(lib_a-puts.o)
                0x00000000080243a4                puts
 .text.swapfunc
                0x00000000080243b4       0x34 /Users/bytedance/Documents/STM32/gcc-arm-none-eabi-5_4-2016q3/bin/../lib/gcc/arm-none-eabi/5.4.1/../../../../arm-none-eabi/lib/armv7-m/libc_nano.a(lib_a-qsort.o)
 .text.med3.isra.1
                0x00000000080243e8       0x40 /Users/bytedance/Documents/STM32/gcc-arm-none-eabi-5_4-2016q3/bin/../lib/gcc/arm-none-eabi/5.4.1/../../../../arm-none-eabi/lib/armv7-m/libc_nano.a(lib_a-qsort.o)
 .text.qsort    0x0000000008024428      0x26e /Users/bytedance/Documents/STM32/gcc-arm-none-eabi-5_4-2016q3/bin/../lib/gcc/arm-none-eabi/5.4.1/../../../../arm-none-eabi/lib/armv7-m/libc_nano.a(lib_a-qsort.o)
                0x0000000008024428                qsort
 *fill*         0x0000000008024696        0x2 
 .text.realloc  0x0000000008024698       0x10 /Users/bytedance/Documents/STM32/gcc-arm-none-eabi-5_4-2016q3/bin/../lib/gcc/arm-none-eabi/5.4.1/../../../../arm-none-eabi/lib/armv7-m/libc_nano.a(lib_a-realloc.o)
                0x0000000008024698                realloc
 .text.lflush   0x00000000080246a8       0x12 /Users/bytedance/Documents/STM32/gcc-arm-none-eabi-5_4-2016q3/bin/../lib/gcc/arm-none-eabi/5.4.1/../../../../arm-none-eabi/lib/armv7-m/libc_nano.a(lib_a-refill.o)
 *fill*         0x00000000080246ba        0x2 
 .text.__srefill_r
                0x00000000080246bc      0x110 /Users/bytedance/Documents/STM32/gcc-arm-none-eabi-5_4-2016q3/bin/../lib/gcc/arm-none-eabi/5.4.1/../../../../arm-none-eabi/lib/armv7-m/libc_nano.a(lib_a-refill.o)
                0x00000000080246bc                __srefill_r
 .text._sbrk_r  0x00000000080247cc       0x20 /Users/bytedance/Documents/STM32/gcc-arm-none-eabi-5_4-2016q3/bin/../lib/gcc/arm-none-eabi/5.4.1/../../../../arm-none-eabi/lib/armv7-m/libc_nano.a(lib_a-sbrkr.o)
                0x00000000080247cc                _sbrk_r
 .text._raise_r
                0x00000000080247ec       0x54 /Users/bytedance/Documents/STM32/gcc-arm-none-eabi-5_4-2016q3/bin/../lib/gcc/arm-none-eabi/5.4.1/../../../../arm-none-eabi/lib/armv7-m/libc_nano.a(lib_a-signal.o)
                0x00000000080247ec                _raise_r
 .text.raise    0x0000000008024840       0x10 /Users/bytedance/Documents/STM32/gcc-arm-none-eabi-5_4-2016q3/bin/../lib/gcc/arm-none-eabi/5.4.1/../../../../arm-none-eabi/lib/armv7-m/libc_nano.a(lib_a-signal.o)
                0x0000000008024840                raise
 .text._kill_r  0x0000000008024850       0x24 /Users/bytedance/Documents/STM32/gcc-arm-none-eabi-5_4-2016q3/bin/../lib/gcc/arm-none-eabi/5.4.1/../../../../arm-none-eabi/lib/armv7-m/libc_nano.a(lib_a-signalr.o)
                0x0000000008024850                _kill_r
 .text._getpid_r
                0x0000000008024874        0x4 /Users/bytedance/Documents/STM32/gcc-arm-none-eabi-5_4-2016q3/bin/../lib/gcc/arm-none-eabi/5.4.1/../../../../arm-none-eabi/lib/armv7-m/libc_nano.a(lib_a-signalr.o)
                0x0000000008024874                _getpid_r
 .text.snprintf
                0x0000000008024878       0x64 /Users/bytedance/Documents/STM32/gcc-arm-none-eabi-5_4-2016q3/bin/../lib/gcc/arm-none-eabi/5.4.1/../../../../arm-none-eabi/lib/armv7-m/libc_nano.a(lib_a-snprintf.o)
                0x0000000008024878                snprintf
                0x0000000008024878                sniprintf
 .text.sprintf  0x00000000080248dc       0x48 /Users/bytedance/Documents/STM32/gcc-arm-none-eabi-5_4-2016q3/bin/../lib/gcc/arm-none-eabi/5.4.1/../../../../arm-none-eabi/lib/armv7-m/libc_nano.a(lib_a-sprintf.o)
                0x00000000080248dc                sprintf
                0x00000000080248dc                siprintf
 .text.__sread  0x0000000008024924       0x22 /Users/bytedance/Documents/STM32/gcc-arm-none-eabi-5_4-2016q3/bin/../lib/gcc/arm-none-eabi/5.4.1/../../../../arm-none-eabi/lib/armv7-m/libc_nano.a(lib_a-stdio.o)
                0x0000000008024924                __sread
 .text.__seofread
                0x0000000008024946        0x4 /Users/bytedance/Documents/STM32/gcc-arm-none-eabi-5_4-2016q3/bin/../lib/gcc/arm-none-eabi/5.4.1/../../../../arm-none-eabi/lib/armv7-m/libc_nano.a(lib_a-stdio.o)
                0x0000000008024946                __seofread
 .text.__swrite
                0x000000000802494a       0x38 /Users/bytedance/Documents/STM32/gcc-arm-none-eabi-5_4-2016q3/bin/../lib/gcc/arm-none-eabi/5.4.1/../../../../arm-none-eabi/lib/armv7-m/libc_nano.a(lib_a-stdio.o)
                0x000000000802494a                __swrite
 .text.__sseek  0x0000000008024982       0x24 /Users/bytedance/Documents/STM32/gcc-arm-none-eabi-5_4-2016q3/bin/../lib/gcc/arm-none-eabi/5.4.1/../../../../arm-none-eabi/lib/armv7-m/libc_nano.a(lib_a-stdio.o)
                0x0000000008024982                __sseek
 .text.__sclose
                0x00000000080249a6        0x8 /Users/bytedance/Documents/STM32/gcc-arm-none-eabi-5_4-2016q3/bin/../lib/gcc/arm-none-eabi/5.4.1/../../../../arm-none-eabi/lib/armv7-m/libc_nano.a(lib_a-stdio.o)
                0x00000000080249a6                __sclose
 .text.strcat   0x00000000080249ae       0x1e /Users/bytedance/Documents/STM32/gcc-arm-none-eabi-5_4-2016q3/bin/../lib/gcc/arm-none-eabi/5.4.1/../../../../arm-none-eabi/lib/armv7-m/libc_nano.a(lib_a-strcat.o)
                0x00000000080249ae                strcat
 .text.strchr   0x00000000080249cc       0x1c /Users/bytedance/Documents/STM32/gcc-arm-none-eabi-5_4-2016q3/bin/../lib/gcc/arm-none-eabi/5.4.1/../../../../arm-none-eabi/lib/armv7-m/libc_nano.a(lib_a-strchr.o)
                0x00000000080249cc                strchr
 .text.strcpy   0x00000000080249e8       0x10 /Users/bytedance/Documents/STM32/gcc-arm-none-eabi-5_4-2016q3/bin/../lib/gcc/arm-none-eabi/5.4.1/../../../../arm-none-eabi/lib/armv7-m/libc_nano.a(lib_a-strcpy.o)
                0x00000000080249e8                strcpy
 .text._strerror_r
                0x00000000080249f8      0x3cc /Users/bytedance/Documents/STM32/gcc-arm-none-eabi-5_4-2016q3/bin/../lib/gcc/arm-none-eabi/5.4.1/../../../../arm-none-eabi/lib/armv7-m/libc_nano.a(lib_a-strerror.o)
                0x00000000080249f8                _strerror_r
 .text.strerror
                0x0000000008024dc4       0x14 /Users/bytedance/Documents/STM32/gcc-arm-none-eabi-5_4-2016q3/bin/../lib/gcc/arm-none-eabi/5.4.1/../../../../arm-none-eabi/lib/armv7-m/libc_nano.a(lib_a-strerror.o)
                0x0000000008024dc4                strerror
 .text.strncmp  0x0000000008024dd8       0x2a /Users/bytedance/Documents/STM32/gcc-arm-none-eabi-5_4-2016q3/bin/../lib/gcc/arm-none-eabi/5.4.1/../../../../arm-none-eabi/lib/armv7-m/libc_nano.a(lib_a-strncmp.o)
                0x0000000008024dd8                strncmp
 .text.strrchr  0x0000000008024e02       0x26 /Users/bytedance/Documents/STM32/gcc-arm-none-eabi-5_4-2016q3/bin/../lib/gcc/arm-none-eabi/5.4.1/../../../../arm-none-eabi/lib/armv7-m/libc_nano.a(lib_a-strrchr.o)
                0x0000000008024e02                strrchr
 .text.strstr   0x0000000008024e28       0x34 /Users/bytedance/Documents/STM32/gcc-arm-none-eabi-5_4-2016q3/bin/../lib/gcc/arm-none-eabi/5.4.1/../../../../arm-none-eabi/lib/armv7-m/libc_nano.a(lib_a-strstr.o)
                0x0000000008024e28                strstr
 .text._strtol_l.isra.0
                0x0000000008024e5c      0x110 /Users/bytedance/Documents/STM32/gcc-arm-none-eabi-5_4-2016q3/bin/../lib/gcc/arm-none-eabi/5.4.1/../../../../arm-none-eabi/lib/armv7-m/libc_nano.a(lib_a-strtol.o)
 .text._strtol_r
                0x0000000008024f6c       0x24 /Users/bytedance/Documents/STM32/gcc-arm-none-eabi-5_4-2016q3/bin/../lib/gcc/arm-none-eabi/5.4.1/../../../../arm-none-eabi/lib/armv7-m/libc_nano.a(lib_a-strtol.o)
                0x0000000008024f6c                _strtol_r
 .text.strtol   0x0000000008024f90       0x2c /Users/bytedance/Documents/STM32/gcc-arm-none-eabi-5_4-2016q3/bin/../lib/gcc/arm-none-eabi/5.4.1/../../../../arm-none-eabi/lib/armv7-m/libc_nano.a(lib_a-strtol.o)
                0x0000000008024f90                strtol
 .text.time     0x0000000008024fbc       0x28 /Users/bytedance/Documents/STM32/gcc-arm-none-eabi-5_4-2016q3/bin/../lib/gcc/arm-none-eabi/5.4.1/../../../../arm-none-eabi/lib/armv7-m/libc_nano.a(lib_a-time.o)
                0x0000000008024fbc                time
 .text.__tzcalc_limits
                0x0000000008024fe4      0x150 /Users/bytedance/Documents/STM32/gcc-arm-none-eabi-5_4-2016q3/bin/../lib/gcc/arm-none-eabi/5.4.1/../../../../arm-none-eabi/lib/armv7-m/libc_nano.a(lib_a-tzcalc_limits.o)
                0x0000000008024fe4                __tzcalc_limits
 .text.__tz_lock
                0x0000000008025134        0x2 /Users/bytedance/Documents/STM32/gcc-arm-none-eabi-5_4-2016q3/bin/../lib/gcc/arm-none-eabi/5.4.1/../../../../arm-none-eabi/lib/armv7-m/libc_nano.a(lib_a-tzlock.o)
                0x0000000008025134                __tz_lock
 .text.__tz_unlock
                0x0000000008025136        0x2 /Users/bytedance/Documents/STM32/gcc-arm-none-eabi-5_4-2016q3/bin/../lib/gcc/arm-none-eabi/5.4.1/../../../../arm-none-eabi/lib/armv7-m/libc_nano.a(lib_a-tzlock.o)
                0x0000000008025136                __tz_unlock
 .text._tzset_unlocked
                0x0000000008025138        0xc /Users/bytedance/Documents/STM32/gcc-arm-none-eabi-5_4-2016q3/bin/../lib/gcc/arm-none-eabi/5.4.1/../../../../arm-none-eabi/lib/armv7-m/libc_nano.a(lib_a-tzset.o)
                0x0000000008025138                _tzset_unlocked
 .text._tzset_unlocked_r
                0x0000000008025144      0x300 /Users/bytedance/Documents/STM32/gcc-arm-none-eabi-5_4-2016q3/bin/../lib/gcc/arm-none-eabi/5.4.1/../../../../arm-none-eabi/lib/armv7-m/libc_nano.a(lib_a-tzset_r.o)
                0x0000000008025144                _tzset_unlocked_r
 .text._user_strerror
                0x0000000008025444        0x4 /Users/bytedance/Documents/STM32/gcc-arm-none-eabi-5_4-2016q3/bin/../lib/gcc/arm-none-eabi/5.4.1/../../../../arm-none-eabi/lib/armv7-m/libc_nano.a(lib_a-u_strerr.o)
                0x0000000008025444                _user_strerror
 .text._vsnprintf_r
                0x0000000008025448       0x56 /Users/bytedance/Documents/STM32/gcc-arm-none-eabi-5_4-2016q3/bin/../lib/gcc/arm-none-eabi/5.4.1/../../../../arm-none-eabi/lib/armv7-m/libc_nano.a(lib_a-vsnprintf.o)
                0x0000000008025448                _vsnprintf_r
                0x0000000008025448                _vsniprintf_r
 *fill*         0x000000000802549e        0x2 
 .text.vsnprintf
                0x00000000080254a0       0x1c /Users/bytedance/Documents/STM32/gcc-arm-none-eabi-5_4-2016q3/bin/../lib/gcc/arm-none-eabi/5.4.1/../../../../arm-none-eabi/lib/armv7-m/libc_nano.a(lib_a-vsnprintf.o)
                0x00000000080254a0                vsnprintf
                0x00000000080254a0                vsniprintf
 .text.__swbuf_r
                0x00000000080254bc       0xa8 /Users/bytedance/Documents/STM32/gcc-arm-none-eabi-5_4-2016q3/bin/../lib/gcc/arm-none-eabi/5.4.1/../../../../arm-none-eabi/lib/armv7-m/libc_nano.a(lib_a-wbuf.o)
                0x00000000080254bc                __swbuf_r
 .text._write_r
                0x0000000008025564       0x24 /Users/bytedance/Documents/STM32/gcc-arm-none-eabi-5_4-2016q3/bin/../lib/gcc/arm-none-eabi/5.4.1/../../../../arm-none-eabi/lib/armv7-m/libc_nano.a(lib_a-writer.o)
                0x0000000008025564                _write_r
 .text.__swsetup_r
                0x0000000008025588       0xdc /Users/bytedance/Documents/STM32/gcc-arm-none-eabi-5_4-2016q3/bin/../lib/gcc/arm-none-eabi/5.4.1/../../../../arm-none-eabi/lib/armv7-m/libc_nano.a(lib_a-wsetup.o)
                0x0000000008025588                __swsetup_r
 .text._close_r
                0x0000000008025664       0x20 /Users/bytedance/Documents/STM32/gcc-arm-none-eabi-5_4-2016q3/bin/../lib/gcc/arm-none-eabi/5.4.1/../../../../arm-none-eabi/lib/armv7-m/libc_nano.a(lib_a-closer.o)
                0x0000000008025664                _close_r
 .text.div      0x0000000008025684       0x28 /Users/bytedance/Documents/STM32/gcc-arm-none-eabi-5_4-2016q3/bin/../lib/gcc/arm-none-eabi/5.4.1/../../../../arm-none-eabi/lib/armv7-m/libc_nano.a(lib_a-div.o)
                0x0000000008025684                div
 .text.__sflags
                0x00000000080256ac       0x6e /Users/bytedance/Documents/STM32/gcc-arm-none-eabi-5_4-2016q3/bin/../lib/gcc/arm-none-eabi/5.4.1/../../../../arm-none-eabi/lib/armv7-m/libc_nano.a(lib_a-flags.o)
                0x00000000080256ac                __sflags
 *fill*         0x000000000802571a        0x2 
 .text._fstat_r
                0x000000000802571c       0x24 /Users/bytedance/Documents/STM32/gcc-arm-none-eabi-5_4-2016q3/bin/../lib/gcc/arm-none-eabi/5.4.1/../../../../arm-none-eabi/lib/armv7-m/libc_nano.a(lib_a-fstatr.o)
                0x000000000802571c                _fstat_r
 .text._findenv_r
                0x0000000008025740       0x78 /Users/bytedance/Documents/STM32/gcc-arm-none-eabi-5_4-2016q3/bin/../lib/gcc/arm-none-eabi/5.4.1/../../../../arm-none-eabi/lib/armv7-m/libc_nano.a(lib_a-getenv_r.o)
                0x0000000008025740                _findenv_r
 .text._getenv_r
                0x00000000080257b8        0xe /Users/bytedance/Documents/STM32/gcc-arm-none-eabi-5_4-2016q3/bin/../lib/gcc/arm-none-eabi/5.4.1/../../../../arm-none-eabi/lib/armv7-m/libc_nano.a(lib_a-getenv_r.o)
                0x00000000080257b8                _getenv_r
 *fill*         0x00000000080257c6        0x2 
 .text._gettimeofday_r
                0x00000000080257c8       0x24 /Users/bytedance/Documents/STM32/gcc-arm-none-eabi-5_4-2016q3/bin/../lib/gcc/arm-none-eabi/5.4.1/../../../../arm-none-eabi/lib/armv7-m/libc_nano.a(lib_a-gettimeofdayr.o)
                0x00000000080257c8                _gettimeofday_r
 .text.__gettzinfo
                0x00000000080257ec        0x8 /Users/bytedance/Documents/STM32/gcc-arm-none-eabi-5_4-2016q3/bin/../lib/gcc/arm-none-eabi/5.4.1/../../../../arm-none-eabi/lib/armv7-m/libc_nano.a(lib_a-gettzinfo.o)
                0x00000000080257ec                __gettzinfo
 .text._isatty_r
                0x00000000080257f4       0x20 /Users/bytedance/Documents/STM32/gcc-arm-none-eabi-5_4-2016q3/bin/../lib/gcc/arm-none-eabi/5.4.1/../../../../arm-none-eabi/lib/armv7-m/libc_nano.a(lib_a-isattyr.o)
                0x00000000080257f4                _isatty_r
 .text.__get_current_locale
                0x0000000008025814       0x18 /Users/bytedance/Documents/STM32/gcc-arm-none-eabi-5_4-2016q3/bin/../lib/gcc/arm-none-eabi/5.4.1/../../../../arm-none-eabi/lib/armv7-m/libc_nano.a(lib_a-locale.o)
 .text.__locale_ctype_ptr_l
                0x000000000802582c        0x6 /Users/bytedance/Documents/STM32/gcc-arm-none-eabi-5_4-2016q3/bin/../lib/gcc/arm-none-eabi/5.4.1/../../../../arm-none-eabi/lib/armv7-m/libc_nano.a(lib_a-locale.o)
                0x000000000802582c                __locale_ctype_ptr_l
 *fill*         0x0000000008025832        0x2 
 .text.__locale_ctype_ptr
                0x0000000008025834       0x14 /Users/bytedance/Documents/STM32/gcc-arm-none-eabi-5_4-2016q3/bin/../lib/gcc/arm-none-eabi/5.4.1/../../../../arm-none-eabi/lib/armv7-m/libc_nano.a(lib_a-locale.o)
                0x0000000008025834                __locale_ctype_ptr
 .text._lseek_r
                0x0000000008025848       0x24 /Users/bytedance/Documents/STM32/gcc-arm-none-eabi-5_4-2016q3/bin/../lib/gcc/arm-none-eabi/5.4.1/../../../../arm-none-eabi/lib/armv7-m/libc_nano.a(lib_a-lseekr.o)
                0x0000000008025848                _lseek_r
 .text.__ascii_mbtowc
                0x000000000802586c       0x24 /Users/bytedance/Documents/STM32/gcc-arm-none-eabi-5_4-2016q3/bin/../lib/gcc/arm-none-eabi/5.4.1/../../../../arm-none-eabi/lib/armv7-m/libc_nano.a(lib_a-mbtowc_r.o)
                0x000000000802586c                __ascii_mbtowc
 .text.memchr   0x0000000008025890       0x1c /Users/bytedance/Documents/STM32/gcc-arm-none-eabi-5_4-2016q3/bin/../lib/gcc/arm-none-eabi/5.4.1/../../../../arm-none-eabi/lib/armv7-m/libc_nano.a(lib_a-memchr-stub.o)
                0x0000000008025890                memchr
 .text.memmove  0x00000000080258ac       0x36 /Users/bytedance/Documents/STM32/gcc-arm-none-eabi-5_4-2016q3/bin/../lib/gcc/arm-none-eabi/5.4.1/../../../../arm-none-eabi/lib/armv7-m/libc_nano.a(lib_a-memmove.o)
                0x00000000080258ac                memmove
 .text.__malloc_lock
                0x00000000080258e2        0x2 /Users/bytedance/Documents/STM32/gcc-arm-none-eabi-5_4-2016q3/bin/../lib/gcc/arm-none-eabi/5.4.1/../../../../arm-none-eabi/lib/armv7-m/libc_nano.a(lib_a-mlock.o)
                0x00000000080258e2                __malloc_lock
 .text.__malloc_unlock
                0x00000000080258e4        0x2 /Users/bytedance/Documents/STM32/gcc-arm-none-eabi-5_4-2016q3/bin/../lib/gcc/arm-none-eabi/5.4.1/../../../../arm-none-eabi/lib/armv7-m/libc_nano.a(lib_a-mlock.o)
                0x00000000080258e4                __malloc_unlock
 .text._realloc_r
                0x00000000080258e6       0x4c /Users/bytedance/Documents/STM32/gcc-arm-none-eabi-5_4-2016q3/bin/../lib/gcc/arm-none-eabi/5.4.1/../../../../arm-none-eabi/lib/armv7-m/libc_nano.a(lib_a-nano-reallocr.o)
                0x00000000080258e6                _realloc_r
 .text.__ssputs_r
                0x0000000008025932       0xb2 /Users/bytedance/Documents/STM32/gcc-arm-none-eabi-5_4-2016q3/bin/../lib/gcc/arm-none-eabi/5.4.1/../../../../arm-none-eabi/lib/armv7-m/libc_nano.a(lib_a-nano-svfprintf.o)
                0x0000000008025932                __ssputs_r
 .text._svfprintf_r
                0x00000000080259e4      0x1e8 /Users/bytedance/Documents/STM32/gcc-arm-none-eabi-5_4-2016q3/bin/../lib/gcc/arm-none-eabi/5.4.1/../../../../arm-none-eabi/lib/armv7-m/libc_nano.a(lib_a-nano-svfprintf.o)
                0x00000000080259e4                _svfprintf_r
                0x00000000080259e4                _svfiprintf_r
 .text._read_r  0x0000000008025bcc       0x24 /Users/bytedance/Documents/STM32/gcc-arm-none-eabi-5_4-2016q3/bin/../lib/gcc/arm-none-eabi/5.4.1/../../../../arm-none-eabi/lib/armv7-m/libc_nano.a(lib_a-readr.o)
                0x0000000008025bcc                _read_r
 .text.sscanf   0x0000000008025bf0       0x54 /Users/bytedance/Documents/STM32/gcc-arm-none-eabi-5_4-2016q3/bin/../lib/gcc/arm-none-eabi/5.4.1/../../../../arm-none-eabi/lib/armv7-m/libc_nano.a(lib_a-sscanf.o)
                0x0000000008025bf0                sscanf
                0x0000000008025bf0                siscanf
 .text._strtoul_l.isra.0
                0x0000000008025c44      0x102 /Users/bytedance/Documents/STM32/gcc-arm-none-eabi-5_4-2016q3/bin/../lib/gcc/arm-none-eabi/5.4.1/../../../../arm-none-eabi/lib/armv7-m/libc_nano.a(lib_a-strtoul.o)
 *fill*         0x0000000008025d46        0x2 
 .text._strtoul_r
                0x0000000008025d48       0x24 /Users/bytedance/Documents/STM32/gcc-arm-none-eabi-5_4-2016q3/bin/../lib/gcc/arm-none-eabi/5.4.1/../../../../arm-none-eabi/lib/armv7-m/libc_nano.a(lib_a-strtoul.o)
                0x0000000008025d48                _strtoul_r
 .text.strtoul  0x0000000008025d6c       0x2c /Users/bytedance/Documents/STM32/gcc-arm-none-eabi-5_4-2016q3/bin/../lib/gcc/arm-none-eabi/5.4.1/../../../../arm-none-eabi/lib/armv7-m/libc_nano.a(lib_a-strtoul.o)
                0x0000000008025d6c                strtoul
 .text.__ascii_wctomb
                0x0000000008025d98       0x1a /Users/bytedance/Documents/STM32/gcc-arm-none-eabi-5_4-2016q3/bin/../lib/gcc/arm-none-eabi/5.4.1/../../../../arm-none-eabi/lib/armv7-m/libc_nano.a(lib_a-wctomb_r.o)
                0x0000000008025d98                __ascii_wctomb
 .text.__env_lock
                0x0000000008025db2        0x2 /Users/bytedance/Documents/STM32/gcc-arm-none-eabi-5_4-2016q3/bin/../lib/gcc/arm-none-eabi/5.4.1/../../../../arm-none-eabi/lib/armv7-m/libc_nano.a(lib_a-envlock.o)
                0x0000000008025db2                __env_lock
 .text.__env_unlock
                0x0000000008025db4        0x2 /Users/bytedance/Documents/STM32/gcc-arm-none-eabi-5_4-2016q3/bin/../lib/gcc/arm-none-eabi/5.4.1/../../../../arm-none-eabi/lib/armv7-m/libc_nano.a(lib_a-envlock.o)
                0x0000000008025db4                __env_unlock
 .text._malloc_usable_size_r
                0x0000000008025db6       0x14 /Users/bytedance/Documents/STM32/gcc-arm-none-eabi-5_4-2016q3/bin/../lib/gcc/arm-none-eabi/5.4.1/../../../../arm-none-eabi/lib/armv7-m/libc_nano.a(lib_a-nano-msizer.o)
                0x0000000008025db6                _malloc_usable_size_r
 .text._sungetc_r
                0x0000000008025dca       0x7c /Users/bytedance/Documents/STM32/gcc-arm-none-eabi-5_4-2016q3/bin/../lib/gcc/arm-none-eabi/5.4.1/../../../../arm-none-eabi/lib/armv7-m/libc_nano.a(lib_a-nano-svfscanf.o)
                0x0000000008025dca                _sungetc_r
 .text.__ssrefill_r
                0x0000000008025e46       0x3a /Users/bytedance/Documents/STM32/gcc-arm-none-eabi-5_4-2016q3/bin/../lib/gcc/arm-none-eabi/5.4.1/../../../../arm-none-eabi/lib/armv7-m/libc_nano.a(lib_a-nano-svfscanf.o)
                0x0000000008025e46                __ssrefill_r
 .text.__ssvfscanf_r
                0x0000000008025e80      0x2b0 /Users/bytedance/Documents/STM32/gcc-arm-none-eabi-5_4-2016q3/bin/../lib/gcc/arm-none-eabi/5.4.1/../../../../arm-none-eabi/lib/armv7-m/libc_nano.a(lib_a-nano-svfscanf.o)
                0x0000000008025e80                __ssvfscanf_r
                0x0000000008025e80                __ssvfiscanf_r
 .text._scanf_chars
                0x0000000008026130       0xcc /Users/bytedance/Documents/STM32/gcc-arm-none-eabi-5_4-2016q3/bin/../lib/gcc/arm-none-eabi/5.4.1/../../../../arm-none-eabi/lib/armv7-m/libc_nano.a(lib_a-nano-vfscanf_i.o)
                0x0000000008026130                _scanf_chars
 .text._scanf_i
                0x00000000080261fc      0x1e4 /Users/bytedance/Documents/STM32/gcc-arm-none-eabi-5_4-2016q3/bin/../lib/gcc/arm-none-eabi/5.4.1/../../../../arm-none-eabi/lib/armv7-m/libc_nano.a(lib_a-nano-vfscanf_i.o)
                0x00000000080261fc                _scanf_i
 .text.__sccl   0x00000000080263e0       0x60 /Users/bytedance/Documents/STM32/gcc-arm-none-eabi-5_4-2016q3/bin/../lib/gcc/arm-none-eabi/5.4.1/../../../../arm-none-eabi/lib/armv7-m/libc_nano.a(lib_a-sccl.o)
                0x00000000080263e0                __sccl
 .text.__submore
                0x0000000008026440       0x72 /Users/bytedance/Documents/STM32/gcc-arm-none-eabi-5_4-2016q3/bin/../lib/gcc/arm-none-eabi/5.4.1/../../../../arm-none-eabi/lib/armv7-m/libc_nano.a(lib_a-ungetc.o)
                0x0000000008026440                __submore
 *fill*         0x00000000080264b2        0x6 
 .text.atan     0x00000000080264b8      0x33c /Users/bytedance/Documents/STM32/gcc-arm-none-eabi-5_4-2016q3/bin/../lib/gcc/arm-none-eabi/5.4.1/../../../../arm-none-eabi/lib/armv7-m/libm.a(lib_a-s_atan.o)
                0x00000000080264b8                atan
 *fill*         0x00000000080267f4        0x4 
 .text.ceil     0x00000000080267f8      0x110 /Users/bytedance/Documents/STM32/gcc-arm-none-eabi-5_4-2016q3/bin/../lib/gcc/arm-none-eabi/5.4.1/../../../../arm-none-eabi/lib/armv7-m/libm.a(lib_a-s_ceil.o)
                0x00000000080267f8                ceil
 .text.cos      0x0000000008026908       0x90 /Users/bytedance/Documents/STM32/gcc-arm-none-eabi-5_4-2016q3/bin/../lib/gcc/arm-none-eabi/5.4.1/../../../../arm-none-eabi/lib/armv7-m/libm.a(lib_a-s_cos.o)
                0x0000000008026908                cos
 .text.fabs     0x0000000008026998        0x8 /Users/bytedance/Documents/STM32/gcc-arm-none-eabi-5_4-2016q3/bin/../lib/gcc/arm-none-eabi/5.4.1/../../../../arm-none-eabi/lib/armv7-m/libm.a(lib_a-s_fabs.o)
                0x0000000008026998                fabs
 .text.floor    0x00000000080269a0      0x110 /Users/bytedance/Documents/STM32/gcc-arm-none-eabi-5_4-2016q3/bin/../lib/gcc/arm-none-eabi/5.4.1/../../../../arm-none-eabi/lib/armv7-m/libm.a(lib_a-s_floor.o)
                0x00000000080269a0                floor
 .text.sin      0x0000000008026ab0       0x90 /Users/bytedance/Documents/STM32/gcc-arm-none-eabi-5_4-2016q3/bin/../lib/gcc/arm-none-eabi/5.4.1/../../../../arm-none-eabi/lib/armv7-m/libm.a(lib_a-s_sin.o)
                0x0000000008026ab0                sin
 .text.tan      0x0000000008026b40       0x60 /Users/bytedance/Documents/STM32/gcc-arm-none-eabi-5_4-2016q3/bin/../lib/gcc/arm-none-eabi/5.4.1/../../../../arm-none-eabi/lib/armv7-m/libm.a(lib_a-s_tan.o)
                0x0000000008026b40                tan
 .text.acos     0x0000000008026ba0       0xb0 /Users/bytedance/Documents/STM32/gcc-arm-none-eabi-5_4-2016q3/bin/../lib/gcc/arm-none-eabi/5.4.1/../../../../arm-none-eabi/lib/armv7-m/libm.a(lib_a-w_acos.o)
                0x0000000008026ba0                acos
 .text.asin     0x0000000008026c50       0xb0 /Users/bytedance/Documents/STM32/gcc-arm-none-eabi-5_4-2016q3/bin/../lib/gcc/arm-none-eabi/5.4.1/../../../../arm-none-eabi/lib/armv7-m/libm.a(lib_a-w_asin.o)
                0x0000000008026c50                asin
 .text.atan2    0x0000000008026d00        0x4 /Users/bytedance/Documents/STM32/gcc-arm-none-eabi-5_4-2016q3/bin/../lib/gcc/arm-none-eabi/5.4.1/../../../../arm-none-eabi/lib/armv7-m/libm.a(lib_a-w_atan2.o)
                0x0000000008026d00                atan2
 *fill*         0x0000000008026d04        0x4 
 .text.exp      0x0000000008026d08       0xf8 /Users/bytedance/Documents/STM32/gcc-arm-none-eabi-5_4-2016q3/bin/../lib/gcc/arm-none-eabi/5.4.1/../../../../arm-none-eabi/lib/armv7-m/libm.a(lib_a-w_exp.o)
                0x0000000008026d08                exp
 .text.fmod     0x0000000008026e00       0xc4 /Users/bytedance/Documents/STM32/gcc-arm-none-eabi-5_4-2016q3/bin/../lib/gcc/arm-none-eabi/5.4.1/../../../../arm-none-eabi/lib/armv7-m/libm.a(lib_a-w_fmod.o)
                0x0000000008026e00                fmod
 .text.log      0x0000000008026ec4      0x100 /Users/bytedance/Documents/STM32/gcc-arm-none-eabi-5_4-2016q3/bin/../lib/gcc/arm-none-eabi/5.4.1/../../../../arm-none-eabi/lib/armv7-m/libm.a(lib_a-w_log.o)
                0x0000000008026ec4                log
 .text.pow      0x0000000008026fc4      0x330 /Users/bytedance/Documents/STM32/gcc-arm-none-eabi-5_4-2016q3/bin/../lib/gcc/arm-none-eabi/5.4.1/../../../../arm-none-eabi/lib/armv7-m/libm.a(lib_a-w_pow.o)
                0x0000000008026fc4                pow
 .text.sqrt     0x00000000080272f4       0xb8 /Users/bytedance/Documents/STM32/gcc-arm-none-eabi-5_4-2016q3/bin/../lib/gcc/arm-none-eabi/5.4.1/../../../../arm-none-eabi/lib/armv7-m/libm.a(lib_a-w_sqrt.o)
                0x00000000080272f4                sqrt
 *fill*         0x00000000080273ac        0x4 
 .text.__ieee754_acos
                0x00000000080273b0      0x4a8 /Users/bytedance/Documents/STM32/gcc-arm-none-eabi-5_4-2016q3/bin/../lib/gcc/arm-none-eabi/5.4.1/../../../../arm-none-eabi/lib/armv7-m/libm.a(lib_a-e_acos.o)
                0x00000000080273b0                __ieee754_acos
 .text.__ieee754_asin
                0x0000000008027858      0x45c /Users/bytedance/Documents/STM32/gcc-arm-none-eabi-5_4-2016q3/bin/../lib/gcc/arm-none-eabi/5.4.1/../../../../arm-none-eabi/lib/armv7-m/libm.a(lib_a-e_asin.o)
                0x0000000008027858                __ieee754_asin
 *fill*         0x0000000008027cb4        0x4 
 .text.__ieee754_atan2
                0x0000000008027cb8      0x194 /Users/bytedance/Documents/STM32/gcc-arm-none-eabi-5_4-2016q3/bin/../lib/gcc/arm-none-eabi/5.4.1/../../../../arm-none-eabi/lib/armv7-m/libm.a(lib_a-e_atan2.o)
                0x0000000008027cb8                __ieee754_atan2
 *fill*         0x0000000008027e4c        0x4 
 .text.__ieee754_exp
                0x0000000008027e50      0x2ec /Users/bytedance/Documents/STM32/gcc-arm-none-eabi-5_4-2016q3/bin/../lib/gcc/arm-none-eabi/5.4.1/../../../../arm-none-eabi/lib/armv7-m/libm.a(lib_a-e_exp.o)
                0x0000000008027e50                __ieee754_exp
 .text.__ieee754_fmod
                0x000000000802813c      0x23c /Users/bytedance/Documents/STM32/gcc-arm-none-eabi-5_4-2016q3/bin/../lib/gcc/arm-none-eabi/5.4.1/../../../../arm-none-eabi/lib/armv7-m/libm.a(lib_a-e_fmod.o)
                0x000000000802813c                __ieee754_fmod
 .text.__ieee754_log
                0x0000000008028378      0x3e8 /Users/bytedance/Documents/STM32/gcc-arm-none-eabi-5_4-2016q3/bin/../lib/gcc/arm-none-eabi/5.4.1/../../../../arm-none-eabi/lib/armv7-m/libm.a(lib_a-e_log.o)
                0x0000000008028378                __ieee754_log
 .text.__ieee754_pow
                0x0000000008028760      0xac4 /Users/bytedance/Documents/STM32/gcc-arm-none-eabi-5_4-2016q3/bin/../lib/gcc/arm-none-eabi/5.4.1/../../../../arm-none-eabi/lib/armv7-m/libm.a(lib_a-e_pow.o)
                0x0000000008028760                __ieee754_pow
 *fill*         0x0000000008029224        0x4 
 .text.__ieee754_rem_pio2
                0x0000000008029228      0x42c /Users/bytedance/Documents/STM32/gcc-arm-none-eabi-5_4-2016q3/bin/../lib/gcc/arm-none-eabi/5.4.1/../../../../arm-none-eabi/lib/armv7-m/libm.a(lib_a-e_rem_pio2.o)
                0x0000000008029228                __ieee754_rem_pio2
 .text.__ieee754_sqrt
                0x0000000008029654      0x188 /Users/bytedance/Documents/STM32/gcc-arm-none-eabi-5_4-2016q3/bin/../lib/gcc/arm-none-eabi/5.4.1/../../../../arm-none-eabi/lib/armv7-m/libm.a(lib_a-e_sqrt.o)
                0x0000000008029654                __ieee754_sqrt
 *fill*         0x00000000080297dc        0x4 
 .text.__kernel_cos
                0x00000000080297e0      0x248 /Users/bytedance/Documents/STM32/gcc-arm-none-eabi-5_4-2016q3/bin/../lib/gcc/arm-none-eabi/5.4.1/../../../../arm-none-eabi/lib/armv7-m/libm.a(lib_a-k_cos.o)
                0x00000000080297e0                __kernel_cos
 .text.__kernel_rem_pio2
                0x0000000008029a28      0x7f0 /Users/bytedance/Documents/STM32/gcc-arm-none-eabi-5_4-2016q3/bin/../lib/gcc/arm-none-eabi/5.4.1/../../../../arm-none-eabi/lib/armv7-m/libm.a(lib_a-k_rem_pio2.o)
                0x0000000008029a28                __kernel_rem_pio2
 .text.__kernel_sin
                0x000000000802a218      0x16c /Users/bytedance/Documents/STM32/gcc-arm-none-eabi-5_4-2016q3/bin/../lib/gcc/arm-none-eabi/5.4.1/../../../../arm-none-eabi/lib/armv7-m/libm.a(lib_a-k_sin.o)
                0x000000000802a218                __kernel_sin
 *fill*         0x000000000802a384        0x4 
 .text.__kernel_tan
                0x000000000802a388      0x390 /Users/bytedance/Documents/STM32/gcc-arm-none-eabi-5_4-2016q3/bin/../lib/gcc/arm-none-eabi/5.4.1/../../../../arm-none-eabi/lib/armv7-m/libm.a(lib_a-k_tan.o)
                0x000000000802a388                __kernel_tan
 .text.finite   0x000000000802a718        0xc /Users/bytedance/Documents/STM32/gcc-arm-none-eabi-5_4-2016q3/bin/../lib/gcc/arm-none-eabi/5.4.1/../../../../arm-none-eabi/lib/armv7-m/libm.a(lib_a-s_finite.o)
                0x000000000802a718                finite
 .text.matherr  0x000000000802a724        0x4 /Users/bytedance/Documents/STM32/gcc-arm-none-eabi-5_4-2016q3/bin/../lib/gcc/arm-none-eabi/5.4.1/../../../../arm-none-eabi/lib/armv7-m/libm.a(lib_a-s_matherr.o)
                0x000000000802a724                matherr
 .text.nan      0x000000000802a728        0xc /Users/bytedance/Documents/STM32/gcc-arm-none-eabi-5_4-2016q3/bin/../lib/gcc/arm-none-eabi/5.4.1/../../../../arm-none-eabi/lib/armv7-m/libm.a(lib_a-s_nan.o)
                0x000000000802a728                nan
 .text.rint     0x000000000802a734      0x120 /Users/bytedance/Documents/STM32/gcc-arm-none-eabi-5_4-2016q3/bin/../lib/gcc/arm-none-eabi/5.4.1/../../../../arm-none-eabi/lib/armv7-m/libm.a(lib_a-s_rint.o)
                0x000000000802a734                rint
 *fill*         0x000000000802a854        0x4 
 .text.scalbn   0x000000000802a858       0xe4 /Users/bytedance/Documents/STM32/gcc-arm-none-eabi-5_4-2016q3/bin/../lib/gcc/arm-none-eabi/5.4.1/../../../../arm-none-eabi/lib/armv7-m/libm.a(lib_a-s_scalbn.o)
                0x000000000802a858                scalbn
 .text.copysign
                0x000000000802a93c       0x10 /Users/bytedance/Documents/STM32/gcc-arm-none-eabi-5_4-2016q3/bin/../lib/gcc/arm-none-eabi/5.4.1/../../../../arm-none-eabi/lib/armv7-m/libm.a(lib_a-s_copysign.o)
                0x000000000802a93c                copysign
 .text._close   0x000000000802a94c       0x10 /Users/bytedance/Documents/STM32/gcc-arm-none-eabi-5_4-2016q3/bin/../lib/gcc/arm-none-eabi/5.4.1/../../../../arm-none-eabi/lib/armv7-m/libnosys.a(close.o)
                0x000000000802a94c                _close
 .text._fstat   0x000000000802a95c       0x10 /Users/bytedance/Documents/STM32/gcc-arm-none-eabi-5_4-2016q3/bin/../lib/gcc/arm-none-eabi/5.4.1/../../../../arm-none-eabi/lib/armv7-m/libnosys.a(fstat.o)
                0x000000000802a95c                _fstat
 .text._getpid  0x000000000802a96c       0x10 /Users/bytedance/Documents/STM32/gcc-arm-none-eabi-5_4-2016q3/bin/../lib/gcc/arm-none-eabi/5.4.1/../../../../arm-none-eabi/lib/armv7-m/libnosys.a(getpid.o)
                0x000000000802a96c                _getpid
 .text._gettimeofday
                0x000000000802a97c       0x10 /Users/bytedance/Documents/STM32/gcc-arm-none-eabi-5_4-2016q3/bin/../lib/gcc/arm-none-eabi/5.4.1/../../../../arm-none-eabi/lib/armv7-m/libnosys.a(gettod.o)
                0x000000000802a97c                _gettimeofday
 .text._isatty  0x000000000802a98c       0x10 /Users/bytedance/Documents/STM32/gcc-arm-none-eabi-5_4-2016q3/bin/../lib/gcc/arm-none-eabi/5.4.1/../../../../arm-none-eabi/lib/armv7-m/libnosys.a(isatty.o)
                0x000000000802a98c                _isatty
 .text._kill    0x000000000802a99c       0x10 /Users/bytedance/Documents/STM32/gcc-arm-none-eabi-5_4-2016q3/bin/../lib/gcc/arm-none-eabi/5.4.1/../../../../arm-none-eabi/lib/armv7-m/libnosys.a(kill.o)
                0x000000000802a99c                _kill
 .text._lseek   0x000000000802a9ac       0x10 /Users/bytedance/Documents/STM32/gcc-arm-none-eabi-5_4-2016q3/bin/../lib/gcc/arm-none-eabi/5.4.1/../../../../arm-none-eabi/lib/armv7-m/libnosys.a(lseek.o)
                0x000000000802a9ac                _lseek
 .text._open    0x000000000802a9bc       0x10 /Users/bytedance/Documents/STM32/gcc-arm-none-eabi-5_4-2016q3/bin/../lib/gcc/arm-none-eabi/5.4.1/../../../../arm-none-eabi/lib/armv7-m/libnosys.a(open.o)
                0x000000000802a9bc                _open
 .text._read    0x000000000802a9cc       0x10 /Users/bytedance/Documents/STM32/gcc-arm-none-eabi-5_4-2016q3/bin/../lib/gcc/arm-none-eabi/5.4.1/../../../../arm-none-eabi/lib/armv7-m/libnosys.a(read.o)
                0x000000000802a9cc                _read
 .text._sbrk    0x000000000802a9dc       0x1c /Users/bytedance/Documents/STM32/gcc-arm-none-eabi-5_4-2016q3/bin/../lib/gcc/arm-none-eabi/5.4.1/../../../../arm-none-eabi/lib/armv7-m/libnosys.a(sbrk.o)
                0x000000000802a9dc                _sbrk
 .text._write   0x000000000802a9f8       0x10 /Users/bytedance/Documents/STM32/gcc-arm-none-eabi-5_4-2016q3/bin/../lib/gcc/arm-none-eabi/5.4.1/../../../../arm-none-eabi/lib/armv7-m/libnosys.a(write.o)
                0x000000000802a9f8                _write
 .text._exit    0x000000000802aa08        0x4 /Users/bytedance/Documents/STM32/gcc-arm-none-eabi-5_4-2016q3/bin/../lib/gcc/arm-none-eabi/5.4.1/../../../../arm-none-eabi/lib/armv7-m/libnosys.a(_exit.o)
                0x000000000802aa08                _exit
 *(.glue_7)
 .glue_7        0x000000000802aa0c        0x0 linker stubs
 *(.glue_7t)
 .glue_7t       0x000000000802aa0c        0x0 linker stubs
 *(.eh_frame)
 .eh_frame      0x000000000802aa0c        0x0 /Users/bytedance/Documents/STM32/gcc-arm-none-eabi-5_4-2016q3/bin/../lib/gcc/arm-none-eabi/5.4.1/armv7-m/crtbegin.o
 *(.init)
 .init          0x000000000802aa0c        0x4 /Users/bytedance/Documents/STM32/gcc-arm-none-eabi-5_4-2016q3/bin/../lib/gcc/arm-none-eabi/5.4.1/armv7-m/crti.o
                0x000000000802aa0c                _init
 .init          0x000000000802aa10        0x8 /Users/bytedance/Documents/STM32/gcc-arm-none-eabi-5_4-2016q3/bin/../lib/gcc/arm-none-eabi/5.4.1/armv7-m/crtn.o
 *(.fini)
 .fini          0x000000000802aa18        0x4 /Users/bytedance/Documents/STM32/gcc-arm-none-eabi-5_4-2016q3/bin/../lib/gcc/arm-none-eabi/5.4.1/armv7-m/crti.o
                0x000000000802aa18                _fini
 .fini          0x000000000802aa1c        0x8 /Users/bytedance/Documents/STM32/gcc-arm-none-eabi-5_4-2016q3/bin/../lib/gcc/arm-none-eabi/5.4.1/armv7-m/crtn.o
                0x000000000802aa24                . = ALIGN (0x4)
                0x000000000802aa24                _etext = .

.vfp11_veneer   0x000000000802aa24        0x0
 .vfp11_veneer  0x000000000802aa24        0x0 linker stubs

.v4_bx          0x000000000802aa24        0x0
 .v4_bx         0x000000000802aa24        0x0 linker stubs

.iplt           0x000000000802aa24        0x0
 .iplt          0x000000000802aa24        0x0 /Users/bytedance/Documents/STM32/gcc-arm-none-eabi-5_4-2016q3/bin/../lib/gcc/arm-none-eabi/5.4.1/armv7-m/crtbegin.o

.rodata         0x000000000802aa28     0xa518
                0x000000000802aa28                . = ALIGN (0x4)
 *(.rodata)
 .rodata        0x000000000802aa28       0x12 build/stm32f1xx_hal_rcc.o
 *fill*         0x000000000802aa3a        0x2 
 .rodata        0x000000000802aa3c      0x2ae /var/folders/dv/rmwv5dbs4b703h_lvs531f700000gp/T//ccwhPWyD.o
 *fill*         0x000000000802acea        0x2 
 .rodata        0x000000000802acec       0x60 /var/folders/dv/rmwv5dbs4b703h_lvs531f700000gp/T//ccu9rwsu.o
 .rodata        0x000000000802ad4c      0x199 /var/folders/dv/rmwv5dbs4b703h_lvs531f700000gp/T//ccTjFuv7.o
 *fill*         0x000000000802aee5        0x3 
 .rodata        0x000000000802aee8      0x48f /var/folders/dv/rmwv5dbs4b703h_lvs531f700000gp/T//ccEnDhFW.o
 *fill*         0x000000000802b377        0x1 
 .rodata        0x000000000802b378      0x688 /var/folders/dv/rmwv5dbs4b703h_lvs531f700000gp/T//ccofJIqi.o
 .rodata        0x000000000802ba00     0x2066 /var/folders/dv/rmwv5dbs4b703h_lvs531f700000gp/T//ccN7ufBj.o
 *fill*         0x000000000802da66        0x2 
 .rodata        0x000000000802da68      0xa9f /var/folders/dv/rmwv5dbs4b703h_lvs531f700000gp/T//ccwJbH5q.o
 *fill*         0x000000000802e507        0x1 
 .rodata        0x000000000802e508       0xcd /var/folders/dv/rmwv5dbs4b703h_lvs531f700000gp/T//ccBZODdB.o
 *fill*         0x000000000802e5d5        0x3 
 .rodata        0x000000000802e5d8      0x139 /var/folders/dv/rmwv5dbs4b703h_lvs531f700000gp/T//ccsXtZgL.o
 *fill*         0x000000000802e711        0x3 
 .rodata        0x000000000802e714       0x72 /var/folders/dv/rmwv5dbs4b703h_lvs531f700000gp/T//ccFYmrER.o
 *fill*         0x000000000802e786        0x2 
 .rodata        0x000000000802e788       0x3e /var/folders/dv/rmwv5dbs4b703h_lvs531f700000gp/T//ccwcuDik.o
 *fill*         0x000000000802e7c6        0x2 
 .rodata        0x000000000802e7c8      0x7fc /var/folders/dv/rmwv5dbs4b703h_lvs531f700000gp/T//ccIaUrmN.o
 .rodata        0x000000000802efc4      0x111 /var/folders/dv/rmwv5dbs4b703h_lvs531f700000gp/T//ccUqjEZ2.o
 *fill*         0x000000000802f0d5        0x3 
 .rodata        0x000000000802f0d8      0x19d /var/folders/dv/rmwv5dbs4b703h_lvs531f700000gp/T//cc7kWri7.o
 *fill*         0x000000000802f275        0x3 
 .rodata        0x000000000802f278      0x3b8 /var/folders/dv/rmwv5dbs4b703h_lvs531f700000gp/T//cclleFWj.o
 .rodata        0x000000000802f630      0x105 /var/folders/dv/rmwv5dbs4b703h_lvs531f700000gp/T//cchmn9Hd.o
 *fill*         0x000000000802f735        0x3 
 .rodata        0x000000000802f738      0x1fd /var/folders/dv/rmwv5dbs4b703h_lvs531f700000gp/T//cc3jonLr.o
 *fill*         0x000000000802f935        0x3 
 .rodata        0x000000000802f938       0x30 /var/folders/dv/rmwv5dbs4b703h_lvs531f700000gp/T//ccUMkPid.o
 .rodata        0x000000000802f968      0x17f /var/folders/dv/rmwv5dbs4b703h_lvs531f700000gp/T//ccg8lnRo.o
 *fill*         0x000000000802fae7        0x1 
 .rodata        0x000000000802fae8      0x375 /var/folders/dv/rmwv5dbs4b703h_lvs531f700000gp/T//ccQdi4ji.o
 *fill*         0x000000000802fe5d        0x3 
 .rodata        0x000000000802fe60       0xd7 /var/folders/dv/rmwv5dbs4b703h_lvs531f700000gp/T//ccPnzvbc.o
 *fill*         0x000000000802ff37        0x1 
 .rodata        0x000000000802ff38      0x29c /var/folders/dv/rmwv5dbs4b703h_lvs531f700000gp/T//ccDL7A02.o
 .rodata        0x00000000080301d4      0x24c /var/folders/dv/rmwv5dbs4b703h_lvs531f700000gp/T//ccoJwPge.o
 .rodata        0x0000000008030420      0x244 /var/folders/dv/rmwv5dbs4b703h_lvs531f700000gp/T//cchqNSJG.o
 .rodata        0x0000000008030664     0x3c9c /var/folders/dv/rmwv5dbs4b703h_lvs531f700000gp/T//ccglZCj7.o
 .rodata        0x0000000008034300        0xc /Users/bytedance/Documents/STM32/gcc-arm-none-eabi-5_4-2016q3/bin/../lib/gcc/arm-none-eabi/5.4.1/../../../../arm-none-eabi/lib/armv7-m/libc_nano.a(lib_a-nano-vfscanf_i.o)
 *(.rodata*)
 .rodata.AHBPrescTable
                0x000000000803430c       0x10 build/system_stm32f1xx.o
                0x000000000803430c                AHBPrescTable
 .rodata.str1.1